{
  "allocationPolicies": [
    {
      "budget": "5000",
      "numIntervalsLookback": 0,
      "policyType": "BALANCED"
    }
  ],
  "maxSimultaneousDistributions": 1,
  "accountingEnabled": false,
  "integration":{
    "type": "merkle"
  }
}
