{"accounts":[],"intervalEndpoints":[1520121600000,1520726400000,1521331200000,1521936000000,1522540800000,1523145600000,1523750400000,1524355200000,1524960000000,1525564800000,1526169600000,1526774400000,1527379200000,1527984000000,1528588800000,1529193600000,1529798400000,1530403200000,1531008000000,1531612800000,1532217600000,1532822400000,1533427200000,1534032000000,1534636800000,1535241600000,1535846400000,1536451200000,1537056000000,1537660800000,1538265600000,1538870400000,1539475200000,1540080000000,1540684800000,1541289600000,1541894400000,1542499200000,1543104000000,1543708800000,1544313600000,1544918400000,1545523200000,1546128000000,1546732800000,1547337600000,1547942400000,1548547200000,1549152000000,1549756800000,1550361600000,1550966400000,1551571200000,1552176000000,1552780800000,1553385600000,1553990400000,1554595200000,1555200000000,1555804800000,1556409600000,1557014400000,1557619200000,1558224000000,1558828800000,1559433600000,1560038400000,1560643200000,1561248000000,1561852800000,1562457600000,1563062400000,1563667200000,1564272000000,1564876800000,1565481600000,1566086400000,1566691200000,1567296000000,1567900800000,1568505600000,1569110400000,1569715200000,1570320000000,1570924800000,1571529600000,1572134400000,1572739200000,1573344000000,1573948800000],"unclaimedAliases":[{"address":"N\u0000sourcecred\u0000discourse\u0000user\u0000https://sourcecred-test.discourse.group\u0000beanow.sc-test\u0000","cred":[0,0,0,0,0,0,0,0,0,0,0,0,0,0,0,0,0,0,0,0,0,0,0,0,0,0,0,0,0,0,0,0,0,0,0,0,0,0,0,0,0,0,0,0,0,0,0,0,0,0,0,0,0,0,0,0,0,0,0,0,0,0,0,0,0,0,0,0,0,0,0,0,0,0,0,0,0,0,0,0,0,0,0,0,0,0,0,0,0,864.2116451493358],"description":"[@beanow.sc-test](https://sourcecred-test.discourse.group/u/beanow.sc-test/)","totalCred":864.2116451493358},{"address":"N\u0000sourcecred\u0000discourse\u0000user\u0000https://sourcecred-test.discourse.group\u0000d11\u0000","cred":[0,0,0,0,0,0,0,0,0,0,0,0,0,0,0,0,0,0,0,0,0,0,0,0,0,0,0,0,0,0,0,0,0,0,0,0,0,0,0,0,0,0,0,0,0,0,0,0,0,0,0,0,0,0,0,0,0,0,0,0,0,0,0,0,0,0,0,0,0,0,0,0,0,0,41.446375053479926,37.257150012190344,18.626252825936508,9.310812602987896,4.653121075247282,2.3243288694499027,1.1600351807228948,0.5780755357005832,0.2874124296477772,48.15957798942967,40.08228191099484,20.04257444259921,23.490226137920885,11.711017395242605,5.843515513933735,2.727024279904949],"description":"[@d11](https://sourcecred-test.discourse.group/u/d11/)","totalCred":267.6997812553889},{"address":"N\u0000sourcecred\u0000discourse\u0000user\u0000https://sourcecred-test.discourse.group\u0000dl-proto\u0000","cred":[0,0,0,0,0,0,0,0,0,0,0,0,0,0,0,0,0,0,0,0,0,0,0,0,0,0,0,0,0,0,0,0,0,0,0,0,0,0,0,0,0,0,0,0,0,0,0,0,0,0,0,0,0,0,0,0,0,0,0,0,0,0,0,0,0,0,0,0,0,0,0,0,0,0,24.553863034145024,11.742971137975914,5.873807978156332,2.939217856807977,1.4718941690343532,0.7381787562906069,0.37121863304779346,0.18755137141013808,0.0954010239638935,0.03182873739595467,0.013421452421016177,0.0052772391093945355,2.533699702933572,1.3009455251846689,0.662465946279914,0.3143213008660115],"description":"[@dl-proto](https://sourcecred-test.discourse.group/u/dl-proto/)","totalCred":52.836063865022574},{"address":"N\u0000sourcecred\u0000discourse\u0000user\u0000https://sourcecred-test.discourse.group\u0000system\u0000","cred":[0,0,0,0,0,0,0,0,0,0,0,0,0,0,0,0,0,0,0,0,0,0,0,0,0,0,0,0,0,0,0,0,0,0,0,0,0,0,0,0,0,0,0,0,0,0,0,0,0,0,0,0,0,0,0,0,0,32.00000001131642,16.000000005701803,8.000000002852337,4.000000001426214,2.0000000007131087,1.0000000003565543,0.5000000001782772,0.2500000000891386,0.1250000000445693,0.06250000002228465,0.03125000001114232,0.01562500000557116,0.00781250000278558,0.00390625000139279,0.001953125000696395,0.0009765625003481976,0.0004882812501740988,0.000006053000134994741,9.201462801022569e-7,2.3106343381752983e-7,5.77822612503974e-8,1.4507433121778127e-8,3.6540241067171456e-9,9.26578897778615e-10,2.37912196675125e-10,6.264602243833363e-11,1.153031978144314e-11,2.724173378756306e-12,6.822431909366457e-13,1.8724534892026172e-13,4.6798974802496286e-14,1.1730823566067922e-14,2.76317105764484e-15],"description":"[@system](https://sourcecred-test.discourse.group/u/system/)","totalCred":63.999519022868704},{"address":"N\u0000sourcecred\u0000github\u0000USERLIKE\u0000USER\u0000decentralion\u0000","cred":[9.964412806682837,4.981955257329389,5.491477850252737,4.767272434895863,2.383691433744795,1.1919022420821395,0.5960111799878318,0.29807199372197263,0.14911279715073825,2.9893671445152354,1.5028103108200466,0.7569890996491149,0.3816004728774662,0.19214683255432766,0.09651221711467625,0.03643300088087674,0.017911108410865153,0.5039168817648663,0.2515446542905307,0.1254859311713519,0.0625929239108984,0.03125394212589924,0.015643731028961383,0.007859704971617735,0.003968586717210518,0.0020152399575003054,0.2320615233965388,0.11843317241177595,2.478916797039998,1.2554605461732404,0.6278819725342536,0.31407214713260984,0.15716084294928911,0.07870198515162928,0.03946873945127176,0.01984562823539794,0.01002289453676102,0.00509397808303507,0.0026062497971946893,0.0013382443205243108,0.0006856970230950347,0.00034909416290180347,0.0001766932756084404,0.0000893078811352669,0.00004519803089654089,0.000022866558756913162,0.000011536829406986189,0.000005028483459842613,0.0000025093967347794807,0.0000012532127947460712,6.266147941013718e-7,3.1305152891929555e-7,1.5684400448209903e-7,7.822377906804695e-8,3.940741092920162e-8,1.9473556269906007e-8,9.93073565589365e-9,1.2822068590571202e-11,3.492882385917114e-13,1.0567219292203183e-14,4.906787001961001e-16,5.1745108104340604e-17,1.2665654793568439e-17,3.2487897313709546e-18,8.391015975205313e-19,2.263988148073925e-19,6.507596121482475e-20,2.0510149096657124e-20,7.246738129557673e-21,2.8708420657819932e-21,1.2471600384006662e-21,5.764971058404004e-22,2.764753350819431e-22,1.352934751818254e-22,1.685292686587127e-24,2.508091209029671e-25,6.280728518205677e-26,1.568380926355901e-26,3.9349963513216364e-27,9.907714317535812e-28,2.5119362152889017e-28,6.449184878718896e-29,1.6980978157764713e-29,3.1253728327007763e-30,7.3839682723330485e-31,1.8492342824408326e-31,5.075309621710307e-32,1.2684905997727787e-32,3.1796485641012416e-33,7.489593421773852e-34],"description":"[@decentralion](https://github.com/decentralion)","totalCred":42.14441492823704},{"address":"N\u0000sourcecred\u0000github\u0000USERLIKE\u0000USER\u0000wchargin\u0000","cred":[3.0355871933171628,1.5180447426706114,0.758522149747263,0.35772756510413695,0.17880856625520503,0.08934775791786041,0.04461382001216829,0.02224050627802738,0.011043452849261753,0.5907109804847651,0.2872287516799533,0.1380304316008853,0.06590929274753382,0.03160805025817233,0.01536522429157375,0.5195057198222482,0.2600582519406973,0.6350677984109149,0.31794768579736005,0.1592602388725934,0.07978016111107428,0.039932600385087086,0.01994954022653178,0.009936930656128846,0.004929731096662773,0.0024339189494363396,0.27016305605692953,0.13267911731495818,3.6466393478233696,1.807317526258443,0.9035070636815883,0.45162237097531105,0.22568641610467133,0.11272164437535097,0.05624307531221834,0.028010279146347117,0.013905059154111506,0.006869998762401194,0.003375738625523442,0.0016527498908347552,0.0008098000825844982,0.00039865438993796296,0.00019718100081144284,0.00009762925707467471,0.00004827053820842992,0.000023867725795572247,0.000011830312869256514,0.000006655087678278739,0.000003332388834281196,0.0000016676799897842666,8.338315981637971e-7,4.171716672132889e-7,2.0826759358419323e-7,1.0433201996509918e-7,5.1870488587371434e-8,2.6165393488380526e-8,1.2888739223249615e-8,8.04939141574632e-11,2.718043565816994e-12,8.889367764770289e-14,3.019908744017573e-15,7.305520639252103e-17,1.2973598613354522e-17,3.2692980381726054e-18,8.413450567275936e-19,2.2669043095415683e-19,6.511746026108073e-20,2.0516672368007957e-20,7.247889948247781e-21,2.8710702747011715e-21,1.247209601611556e-21,5.765085626262077e-22,2.764780835722178e-22,1.3529414788138387e-22,1.685323314186845e-24,2.508094477357037e-25,6.280732653270809e-26,1.5683814261755832e-26,3.9349969840405596e-27,9.90771512882151e-28,2.511936321870504e-28,6.449185023661153e-29,1.6980978373274e-29,3.1253728621453694e-30,7.3839683127698725e-31,1.8492342903105995e-31,5.075309639893343e-32,1.2684906039340938e-32,3.179648574047808e-33,7.4895934446352286e-34],"description":"[@wchargin](https://github.com/wchargin)","totalCred":16.855585049039963}]}