[
    {
        "autoActivateOnIdentityCreation": true,
        "id": "2zWwkGHnBGXmEcYneeWAzw",
        "name": "SourceCred",
        "startWeight": 0.05
    }
]

