// Jest Snapshot v1, https://goo.gl/fbAQLP

exports[`graphql/mirror Mirror _queryConnection snapshot test for actual GitHub queries 1`] = `
"query TestQuery {
  objectInitial: node(id: \\"MDEwOlJlcG9zaXRvcnkxMjMyNTUwMDY=\\") {
    ... on Repository {
      issues(first: 2) {
        totalCount
        pageInfo {
          endCursor
          hasNextPage
        }
        nodes {
          __typename
          id
        }
      }
    }
  }
  objectUpdate: node(id: \\"MDEwOlJlcG9zaXRvcnkxMjMyNTUwMDY=\\") {
    ... on Repository {
      issues(first: 2 after: \\"Y3Vyc29yOnYyOpHOEe_nRA==\\") {
        totalCount
        pageInfo {
          endCursor
          hasNextPage
        }
        nodes {
          __typename
          id
        }
      }
    }
  }
  objectExpectedIds: node(id: \\"MDEwOlJlcG9zaXRvcnkxMjMyNTUwMDY=\\") {
    ... on Repository {
      issues(first: 4) {
        nodes {
          id
        }
      }
    }
  }
  unionInitial: node(id: \\"MDU6SXNzdWUzMDA5MzQ4MTg=\\") {
    ... on Issue {
      timeline(first: 1) {
        totalCount
        pageInfo {
          endCursor
          hasNextPage
        }
        nodes {
          __typename
          ... on Commit {
            id
          }
          ... on IssueComment {
            id
          }
          ... on CrossReferencedEvent {
            id
          }
          ... on ClosedEvent {
            id
          }
          ... on ReopenedEvent {
            id
          }
          ... on SubscribedEvent {
            id
          }
          ... on UnsubscribedEvent {
            id
          }
          ... on ReferencedEvent {
            id
          }
          ... on AssignedEvent {
            id
          }
          ... on UnassignedEvent {
            id
          }
          ... on LabeledEvent {
            id
          }
          ... on UnlabeledEvent {
            id
          }
          ... on MilestonedEvent {
            id
          }
          ... on DemilestonedEvent {
            id
          }
          ... on RenamedTitleEvent {
            id
          }
          ... on LockedEvent {
            id
          }
          ... on UnlockedEvent {
            id
          }
        }
      }
    }
  }
  unionUpdate: node(id: \\"MDU6SXNzdWUzMDA5MzQ4MTg=\\") {
    ... on Issue {
      timeline(first: 1 after: \\"MQ==\\") {
        totalCount
        pageInfo {
          endCursor
          hasNextPage
        }
        nodes {
          __typename
          ... on Commit {
            id
          }
          ... on IssueComment {
            id
          }
          ... on CrossReferencedEvent {
            id
          }
          ... on ClosedEvent {
            id
          }
          ... on ReopenedEvent {
            id
          }
          ... on SubscribedEvent {
            id
          }
          ... on UnsubscribedEvent {
            id
          }
          ... on ReferencedEvent {
            id
          }
          ... on AssignedEvent {
            id
          }
          ... on UnassignedEvent {
            id
          }
          ... on LabeledEvent {
            id
          }
          ... on UnlabeledEvent {
            id
          }
          ... on MilestonedEvent {
            id
          }
          ... on DemilestonedEvent {
            id
          }
          ... on RenamedTitleEvent {
            id
          }
          ... on LockedEvent {
            id
          }
          ... on UnlockedEvent {
            id
          }
        }
      }
    }
  }
  unionExpectedIds: node(id: \\"MDU6SXNzdWUzMDA5MzQ4MTg=\\") {
    ... on Issue {
      timeline(first: 2) {
        nodes {
          ... on Commit {
            id
          }
          ... on IssueComment {
            id
          }
          ... on CrossReferencedEvent {
            id
          }
          ... on ClosedEvent {
            id
          }
          ... on ReopenedEvent {
            id
          }
          ... on SubscribedEvent {
            id
          }
          ... on UnsubscribedEvent {
            id
          }
          ... on ReferencedEvent {
            id
          }
          ... on AssignedEvent {
            id
          }
          ... on UnassignedEvent {
            id
          }
          ... on LabeledEvent {
            id
          }
          ... on UnlabeledEvent {
            id
          }
          ... on MilestonedEvent {
            id
          }
          ... on DemilestonedEvent {
            id
          }
          ... on RenamedTitleEvent {
            id
          }
          ... on LockedEvent {
            id
          }
          ... on UnlockedEvent {
            id
          }
        }
      }
    }
  }
}"
`;
