[{"type":"sourcecred/project","version":"0.3.1"},{"discourseServer":null,"id":"sourcecred-test/example-github","identities":[],"repoIds":[{"name":"example-github","owner":"sourcecred-test"}]}]