{"commitToRepoId":{"0a223346b4e6dec0127b1e6aa892c4ee0424b66a":{"sourcecred/example-github":true},"6bd1b4c0b719c22c688a74863be07a699b7b9b34":{"sourcecred/example-github":true},"6d5b3aa31ebb68a06ceb46bbd6cf49b6ccd6f5e6":{"sourcecred/example-github":true},"c430bd74455105f77215ece51945094ceeee6c86":{"sourcecred/example-github":true},"ec91adb718a6045b492303f00d8e8beb957dc780":{"sourcecred/example-github":true},"ecc889dc94cf6da17ae6eab5bb7b7155f577519d":{"sourcecred/example-github":true}},"commits":{"0a223346b4e6dec0127b1e6aa892c4ee0424b66a":{"createdAt":1519807427000,"hash":"0a223346b4e6dec0127b1e6aa892c4ee0424b66a","parentHashes":["ec91adb718a6045b492303f00d8e8beb957dc780","ecc889dc94cf6da17ae6eab5bb7b7155f577519d"],"shortHash":"0a22334","summary":"Merge pull request #3 from sourcecred/add-readme"},"6bd1b4c0b719c22c688a74863be07a699b7b9b34":{"createdAt":1536806901000,"hash":"6bd1b4c0b719c22c688a74863be07a699b7b9b34","parentHashes":["c430bd74455105f77215ece51945094ceeee6c86"],"shortHash":"6bd1b4c","summary":"A commit from someone with no GitHub account"},"6d5b3aa31ebb68a06ceb46bbd6cf49b6ccd6f5e6":{"createdAt":1519878354000,"hash":"6d5b3aa31ebb68a06ceb46bbd6cf49b6ccd6f5e6","parentHashes":["0a223346b4e6dec0127b1e6aa892c4ee0424b66a"],"shortHash":"6d5b3aa","summary":"This pull request will be more contentious. I can feel it... (#5)"},"c430bd74455105f77215ece51945094ceeee6c86":{"createdAt":1536788634000,"hash":"c430bd74455105f77215ece51945094ceeee6c86","parentHashes":["6d5b3aa31ebb68a06ceb46bbd6cf49b6ccd6f5e6"],"shortHash":"c430bd7","summary":"Hello from credbot!"},"ec91adb718a6045b492303f00d8e8beb957dc780":{"createdAt":1519807271000,"hash":"ec91adb718a6045b492303f00d8e8beb957dc780","parentHashes":[],"shortHash":"ec91adb","summary":"Commit without pull request."},"ecc889dc94cf6da17ae6eab5bb7b7155f577519d":{"createdAt":1519807329000,"hash":"ecc889dc94cf6da17ae6eab5bb7b7155f577519d","parentHashes":["ec91adb718a6045b492303f00d8e8beb957dc780"],"shortHash":"ecc889d","summary":"Add README, merge via PR."}}}