// Jest Snapshot v1, https://goo.gl/fbAQLP

exports[`explorer/legacy/pagerankTable/Table PagerankTable has a filter select with expected label text 1`] = `"Filter by node type: "`;

exports[`explorer/legacy/pagerankTable/Table PagerankTable has a filter select with expected option groups 1`] = `
Array [
  Object {
    "style": undefined,
    "text": "Show all",
    "valueString": "NodeAddress[]",
  },
  Object {
    "style": Object {
      "fontWeight": "bold",
    },
    "text": "Factorio demo adapter",
    "valueString": "NodeAddress[\\"factorio\\"]",
  },
  Object {
    "style": undefined,
    "text": " inserter",
    "valueString": "NodeAddress[\\"factorio\\",\\"inserter\\"]",
  },
  Object {
    "style": undefined,
    "text": " machine",
    "valueString": "NodeAddress[\\"factorio\\",\\"machine\\"]",
  },
]
`;
