// Jest Snapshot v1, https://goo.gl/fbAQLP

exports[`graph JSON serialization serializes a sample graph 1`] = `
Array [
  Object {
    "type": "sourcecred/Graph",
    "version": "0.3.0",
  },
  Object {
    "edges": Array [
      Object {
        "dstIndex": 2,
        "payload": Object {
          "name": "a_absent",
          "strangeness": 11,
          "type": "STRANGE",
        },
        "plugin": "sourcecred/graph-demo-plugin",
        "srcIndex": 0,
      },
      Object {
        "dstIndex": 1,
        "payload": Object {
          "name": "a_b",
          "strangeness": 11,
          "type": "STRANGE",
        },
        "plugin": "sourcecred/graph-demo-plugin",
        "srcIndex": 0,
      },
      Object {
        "dstIndex": 1,
        "payload": Object {
          "name": "absent_b",
          "strangeness": 11,
          "type": "STRANGE",
        },
        "plugin": "sourcecred/graph-demo-plugin",
        "srcIndex": 2,
      },
    ],
    "nodes": Array [
      Object {
        "payload": Object {
          "catchphrase": "alpha",
          "id": 1,
          "type": "BAR",
        },
        "pluginName": "sourcecred/graph-demo-plugin",
      },
      Object {
        "payload": Object {
          "catchphrase": "bravo",
          "id": 2,
          "type": "BAR",
        },
        "pluginName": "sourcecred/graph-demo-plugin",
      },
      Object {
        "address": Object {
          "id": "3",
          "owner": Object {
            "plugin": "sourcecred/graph-demo-plugin",
            "type": "BAR",
          },
        },
      },
      Object {
        "payload": Object {
          "catchphrase": "...",
          "id": 4,
          "type": "BAR",
        },
        "pluginName": "sourcecred/graph-demo-plugin",
      },
    ],
  },
]
`;
