// Jest Snapshot v1, https://goo.gl/fbAQLP

exports[`plugins/discord/fetch snapshot testing loads the snapshots 1`] = `
Array [
  Object {
    "id": "678348980639498428",
    "name": "SourceCred Test Server",
    "permissions": 33620992,
  },
]
`;
