// Jest Snapshot v1, https://goo.gl/fbAQLP

exports[`plugins/git/example/exampleRepo createExampleRepo is deterministic 1`] = `
Array [
  "c2b51945e7457546912a8ce158ed9d294558d294",
  "c08ee3a4edea384d5291ffcbf06724a13ed72325",
  "8d287c3bfbf8455ef30187bf5153ffc1b6eef268",
  "d160cca97611e9dfed642522ad44408d0292e8ea",
  "e8b7a8f19701cd5a25e4a097d513ead60e5f8bcc",
  "69c5aad50eec8f2a0a07c988c3b283a6490eb45b",
  "3715ddfb8d4c4fd2a6f6af75488c82f84c92ec2f",
]
`;

exports[`plugins/git/example/exampleRepo createExampleSubmoduleRepo is deterministic 1`] = `
Array [
  "762c062fbdc7ec198cd693e95d55b374a08ff3e3",
  "29ef158bc982733e2ba429fcf73e2f7562244188",
]
`;
