// Jest Snapshot v1, https://goo.gl/fbAQLP

exports[`plugins/github/graphql #postQueryExhaustive resolves a representative query 1`] = `
Object {
  "repository": Object {
    "id": "opaque-repo",
    "issues": Object {
      "nodes": Array [
        Object {
          "author": Object {
            "__typename": "User",
            "id": "opaque-user-decentralion",
            "login": "decentralion",
          },
          "body": "Like it says, please comment!",
          "comments": Object {
            "nodes": Array [
              Object {
                "author": Object {
                  "__typename": "User",
                  "id": "opaque-user-decentralion",
                  "login": "decentralion",
                },
                "body": "Here: I'll start.",
                "id": "opaque-issue1comment1",
                "url": "opaque://issue/1/comment/1",
              },
              Object {
                "author": Object {
                  "__typename": "User",
                  "id": "opaque-user-wchargin",
                  "login": "wchargin",
                },
                "body": "Closing due to no fun allowed.",
                "id": "opaque-issue1comment2",
                "url": "opaque://issue/1/comment/2",
              },
              Object {
                "author": Object {
                  "__typename": "User",
                  "id": "opaque-user-decentralion",
                  "login": "decentralion",
                },
                "body": "That is not very nice.",
                "id": "opaque-issue1comment3",
                "url": "opaque://issue/1/comment/3",
              },
            ],
            "pageInfo": Object {
              "endCursor": "opaque-cursor-issue1comments-v2",
              "hasNextPage": false,
            },
          },
          "id": "opaque-issue1",
          "number": 1,
          "title": "Request for comments",
        },
        Object {
          "author": Object {
            "__typename": "User",
            "id": "opaque-user-wchargin",
            "login": "wchargin",
          },
          "body": "You can comment here, too.",
          "comments": Object {
            "nodes": Array [
              Object {
                "author": Object {
                  "__typename": "User",
                  "id": "opaque-user-decentralion",
                  "login": "decentralion",
                },
                "body": "What fun!",
                "id": "opaque-issue3comment1",
                "url": "opaque://issue/3/comment/1",
              },
              Object {
                "author": Object {
                  "__typename": "User",
                  "id": "opaque-user-decentralion",
                  "login": "decentralion",
                },
                "body": "I will comment on this issue for a second time.",
                "id": "opaque-issue3comment2",
                "url": "opaque://issue/1/comment/3",
              },
            ],
            "pageInfo": Object {
              "endCursor": "opaque-cursor-issue3comments-v2",
              "hasNextPage": false,
            },
          },
          "id": "opaque-issue3",
          "number": 2,
          "title": "Another",
        },
        Object {
          "author": Object {
            "__typename": "User",
            "id": "opaque-user-wchargin",
            "login": "wchargin",
          },
          "body": "My mailbox is out of space",
          "comments": Object {
            "nodes": Array [
              Object {
                "author": Object {
                  "__typename": "User",
                  "id": "opaque-user-decentralion",
                  "login": "decentralion",
                },
                "body": "But you posted the last issue",
                "id": "opaque-issue4comment1",
                "url": "opaque://issue/4/comment/1",
              },
            ],
            "pageInfo": Object {
              "endCursor": "opaque-cursor-issue4comments-v2",
              "hasNextPage": false,
            },
          },
          "id": "opaque-issue4",
          "number": 4,
          "title": "Please stop making issues",
        },
      ],
      "pageInfo": Object {
        "endCursor": "opaque-cursor-issues-v2",
        "hasNextPage": false,
      },
    },
    "pulls": Object {
      "nodes": Array [
        Object {
          "author": Object {
            "__typename": "User",
            "id": "opaque-user-wchargin",
            "login": "wchargin",
          },
          "body": "Surely this deserves much cred.",
          "comments": Object {
            "nodes": Array [],
            "pageInfo": Object {
              "endCursor": null,
              "hasNextPage": false,
            },
          },
          "id": "opaque-pull2",
          "number": 2,
          "reviews": Object {
            "nodes": Array [
              Object {
                "author": Object {
                  "__typename": "User",
                  "id": "opaque-user-decentralion",
                  "login": "decentralion",
                },
                "body": "You actually introduced a new typo instead.",
                "comments": Object {
                  "nodes": Array [],
                  "pageInfo": Object {
                    "endCursor": null,
                    "hasNextPage": false,
                  },
                },
                "id": "opaque-pull2review1",
                "state": "CHANGES_REQUESTED",
              },
              Object {
                "author": Object {
                  "__typename": "User",
                  "id": "opaque-user-decentralion",
                  "login": "decentralion",
                },
                "body": "Looks godo to me.",
                "comments": Object {
                  "nodes": Array [],
                  "pageInfo": Object {
                    "endCursor": null,
                    "hasNextPage": false,
                  },
                },
                "id": "opaque-pull2review2",
                "state": "APPROVED",
              },
            ],
            "pageInfo": Object {
              "endCursor": "opaque-cursor-pull2reviews-v1",
              "hasNextPage": false,
            },
          },
          "title": "Fix typo in README",
        },
      ],
      "pageInfo": Object {
        "endCursor": "opaque-cursor-pulls-v0",
        "hasNextPage": false,
      },
    },
  },
}
`;

exports[`plugins/github/graphql creates a query 1`] = `
"query FetchData($owner: String! $name: String!) {
  repository(owner: $owner name: $name) {
    url
    name
    owner {
      ...whoami
    }
    id
    issues(first: 50) {
      ...issues
    }
    pulls: pullRequests(first: 50) {
      ...pulls
    }
    defaultBranchRef {
      target {
        __typename
        ... on Commit {
          history(first: 100) {
            ...commitHistory
          }
        }
      }
    }
  }
}
fragment whoami on Actor {
  __typename
  login
  url
  ... on User {
    id
  }
  ... on Organization {
    id
  }
  ... on Bot {
    id
  }
}
fragment issues on IssueConnection {
  pageInfo {
    hasNextPage
    endCursor
  }
  nodes {
    id
    url
    title
    body
    number
    author {
      ...whoami
    }
    comments(first: 20) {
      ...comments
    }
  }
}
fragment pulls on PullRequestConnection {
  pageInfo {
    hasNextPage
    endCursor
  }
  nodes {
    id
    url
    title
    body
    number
    mergeCommit {
      ...commit
    }
    additions
    deletions
    author {
      ...whoami
    }
    comments(first: 20) {
      ...comments
    }
    reviews(first: 10) {
      ...reviews
    }
  }
}
fragment comments on IssueCommentConnection {
  pageInfo {
    hasNextPage
    endCursor
  }
  nodes {
    id
    url
    author {
      ...whoami
    }
    body
  }
}
fragment reviews on PullRequestReviewConnection {
  pageInfo {
    hasNextPage
    endCursor
  }
  nodes {
    id
    url
    body
    author {
      ...whoami
    }
    state
    comments(first: 10) {
      ...reviewComments
    }
  }
}
fragment reviewComments on PullRequestReviewCommentConnection {
  pageInfo {
    hasNextPage
    endCursor
  }
  nodes {
    id
    url
    body
    author {
      ...whoami
    }
  }
}
fragment commitHistory on CommitHistoryConnection {
  pageInfo {
    hasNextPage
    endCursor
  }
  nodes {
    ...commit
  }
}
fragment commit on Commit {
  id
  url
  oid
  author {
    user {
      ...whoami
    }
  }
}"
`;
