[{"type":"sourcecred/project","version":"0.1.0"},{"id":"sourcecred/example-github","repoIds":[{"name":"example-github","owner":"sourcecred"}]}]