{"N\u0000sourcecred\u0000git\u0000COMMIT\u00000a223346b4e6dec0127b1e6aa892c4ee0424b66a\u0000":"[0a22334](https://github.com/sourcecred/example-github/commit/0a223346b4e6dec0127b1e6aa892c4ee0424b66a): Merge pull request #3 from sourcecred/add-readme","N\u0000sourcecred\u0000git\u0000COMMIT\u00006bd1b4c0b719c22c688a74863be07a699b7b9b34\u0000":"[6bd1b4c](https://github.com/sourcecred/example-github/commit/6bd1b4c0b719c22c688a74863be07a699b7b9b34): A commit from someone with no GitHub account","N\u0000sourcecred\u0000git\u0000COMMIT\u00006d5b3aa31ebb68a06ceb46bbd6cf49b6ccd6f5e6\u0000":"[6d5b3aa](https://github.com/sourcecred/example-github/commit/6d5b3aa31ebb68a06ceb46bbd6cf49b6ccd6f5e6): This pull request will be more contentious. I can feel it... (#5)","N\u0000sourcecred\u0000git\u0000COMMIT\u0000c430bd74455105f77215ece51945094ceeee6c86\u0000":"[c430bd7](https://github.com/sourcecred/example-github/commit/c430bd74455105f77215ece51945094ceeee6c86): Hello from credbot!","N\u0000sourcecred\u0000git\u0000COMMIT\u0000ec91adb718a6045b492303f00d8e8beb957dc780\u0000":"[ec91adb](https://github.com/sourcecred/example-github/commit/ec91adb718a6045b492303f00d8e8beb957dc780): Commit without pull request.","N\u0000sourcecred\u0000git\u0000COMMIT\u0000ecc889dc94cf6da17ae6eab5bb7b7155f577519d\u0000":"[ecc889d](https://github.com/sourcecred/example-github/commit/ecc889dc94cf6da17ae6eab5bb7b7155f577519d): Add README, merge via PR.","N\u0000sourcecred\u0000github\u0000COMMENT\u0000ISSUE\u0000sourcecred\u0000example-github\u000011\u0000420811872\u0000":"[comment](https://github.com/sourcecred/example-github/issues/11#issuecomment-420811872) on [#11](https://github.com/sourcecred/example-github/issues/11): An issue with a comment from a deleted user","N\u0000sourcecred\u0000github\u0000COMMENT\u0000ISSUE\u0000sourcecred\u0000example-github\u000011\u0000420813013\u0000":"[comment](https://github.com/sourcecred/example-github/issues/11#issuecomment-420813013) on [#11](https://github.com/sourcecred/example-github/issues/11): An issue with a comment from a deleted user","N\u0000sourcecred\u0000github\u0000COMMENT\u0000ISSUE\u0000sourcecred\u0000example-github\u000011\u0000420813206\u0000":"[comment](https://github.com/sourcecred/example-github/issues/11#issuecomment-420813206) on [#11](https://github.com/sourcecred/example-github/issues/11): An issue with a comment from a deleted user","N\u0000sourcecred\u0000github\u0000COMMENT\u0000ISSUE\u0000sourcecred\u0000example-github\u000011\u0000420813621\u0000":"[comment](https://github.com/sourcecred/example-github/issues/11#issuecomment-420813621) on [#11](https://github.com/sourcecred/example-github/issues/11): An issue with a comment from a deleted user","N\u0000sourcecred\u0000github\u0000COMMENT\u0000ISSUE\u0000sourcecred\u0000example-github\u00002\u0000373768703\u0000":"[comment](https://github.com/sourcecred/example-github/issues/2#issuecomment-373768703) on [#2](https://github.com/sourcecred/example-github/issues/2): A referencing issue.","N\u0000sourcecred\u0000github\u0000COMMENT\u0000ISSUE\u0000sourcecred\u0000example-github\u00002\u0000373768850\u0000":"[comment](https://github.com/sourcecred/example-github/issues/2#issuecomment-373768850) on [#2](https://github.com/sourcecred/example-github/issues/2): A referencing issue.","N\u0000sourcecred\u0000github\u0000COMMENT\u0000ISSUE\u0000sourcecred\u0000example-github\u00002\u0000385576185\u0000":"[comment](https://github.com/sourcecred/example-github/issues/2#issuecomment-385576185) on [#2](https://github.com/sourcecred/example-github/issues/2): A referencing issue.","N\u0000sourcecred\u0000github\u0000COMMENT\u0000ISSUE\u0000sourcecred\u0000example-github\u00002\u0000385576220\u0000":"[comment](https://github.com/sourcecred/example-github/issues/2#issuecomment-385576220) on [#2](https://github.com/sourcecred/example-github/issues/2): A referencing issue.","N\u0000sourcecred\u0000github\u0000COMMENT\u0000ISSUE\u0000sourcecred\u0000example-github\u00002\u0000385576248\u0000":"[comment](https://github.com/sourcecred/example-github/issues/2#issuecomment-385576248) on [#2](https://github.com/sourcecred/example-github/issues/2): A referencing issue.","N\u0000sourcecred\u0000github\u0000COMMENT\u0000ISSUE\u0000sourcecred\u0000example-github\u00002\u0000385576273\u0000":"[comment](https://github.com/sourcecred/example-github/issues/2#issuecomment-385576273) on [#2](https://github.com/sourcecred/example-github/issues/2): A referencing issue.","N\u0000sourcecred\u0000github\u0000COMMENT\u0000ISSUE\u0000sourcecred\u0000example-github\u00002\u0000385576920\u0000":"[comment](https://github.com/sourcecred/example-github/issues/2#issuecomment-385576920) on [#2](https://github.com/sourcecred/example-github/issues/2): A referencing issue.","N\u0000sourcecred\u0000github\u0000COMMENT\u0000ISSUE\u0000sourcecred\u0000example-github\u00002\u0000385576936\u0000":"[comment](https://github.com/sourcecred/example-github/issues/2#issuecomment-385576936) on [#2](https://github.com/sourcecred/example-github/issues/2): A referencing issue.","N\u0000sourcecred\u0000github\u0000COMMENT\u0000ISSUE\u0000sourcecred\u0000example-github\u00006\u0000373768442\u0000":"[comment](https://github.com/sourcecred/example-github/issues/6#issuecomment-373768442) on [#6](https://github.com/sourcecred/example-github/issues/6): An issue with comments","N\u0000sourcecred\u0000github\u0000COMMENT\u0000ISSUE\u0000sourcecred\u0000example-github\u00006\u0000373768538\u0000":"[comment](https://github.com/sourcecred/example-github/issues/6#issuecomment-373768538) on [#6](https://github.com/sourcecred/example-github/issues/6): An issue with comments","N\u0000sourcecred\u0000github\u0000COMMENT\u0000ISSUE\u0000sourcecred\u0000example-github\u00006\u0000385223316\u0000":"[comment](https://github.com/sourcecred/example-github/issues/6#issuecomment-385223316) on [#6](https://github.com/sourcecred/example-github/issues/6): An issue with comments","N\u0000sourcecred\u0000github\u0000COMMENT\u0000ISSUE\u0000sourcecred\u0000example-github\u00006\u0000417104047\u0000":"[comment](https://github.com/sourcecred/example-github/issues/6#issuecomment-417104047) on [#6](https://github.com/sourcecred/example-github/issues/6): An issue with comments","N\u0000sourcecred\u0000github\u0000COMMENT\u0000PULL\u0000sourcecred\u0000example-github\u00003\u0000369162222\u0000":"[comment](https://github.com/sourcecred/example-github/pull/3#issuecomment-369162222) on [#3](https://github.com/sourcecred/example-github/pull/3): Add README, merge via PR.","N\u0000sourcecred\u0000github\u0000COMMENT\u0000PULL\u0000sourcecred\u0000example-github\u00005\u0000396430464\u0000":"[comment](https://github.com/sourcecred/example-github/pull/5#issuecomment-396430464) on [#5](https://github.com/sourcecred/example-github/pull/5): This pull request will be more contentious. I can feel it...","N\u0000sourcecred\u0000github\u0000COMMENT\u0000REVIEW\u0000sourcecred\u0000example-github\u00005\u0000100313899\u0000171460198\u0000":"[comment](https://github.com/sourcecred/example-github/pull/5#discussion_r171460198) on [review](https://github.com/sourcecred/example-github/pull/5#pullrequestreview-100313899) on [#5](https://github.com/sourcecred/example-github/pull/5): This pull request will be more contentious. I can feel it...","N\u0000sourcecred\u0000github\u0000ISSUE\u0000sourcecred\u0000example-github\u00001\u0000":"[#1](https://github.com/sourcecred/example-github/issues/1): An example issue.","N\u0000sourcecred\u0000github\u0000ISSUE\u0000sourcecred\u0000example-github\u000010\u0000":"[#10](https://github.com/sourcecred/example-github/issues/10): Paired with multireference","N\u0000sourcecred\u0000github\u0000ISSUE\u0000sourcecred\u0000example-github\u000011\u0000":"[#11](https://github.com/sourcecred/example-github/issues/11): An issue with a comment from a deleted user","N\u0000sourcecred\u0000github\u0000ISSUE\u0000sourcecred\u0000example-github\u000012\u0000":"[#12](https://github.com/sourcecred/example-github/issues/12): An issue with commit references","N\u0000sourcecred\u0000github\u0000ISSUE\u0000sourcecred\u0000example-github\u000013\u0000":"[#13](https://github.com/sourcecred/example-github/issues/13): An issue with reactions","N\u0000sourcecred\u0000github\u0000ISSUE\u0000sourcecred\u0000example-github\u00002\u0000":"[#2](https://github.com/sourcecred/example-github/issues/2): A referencing issue.","N\u0000sourcecred\u0000github\u0000ISSUE\u0000sourcecred\u0000example-github\u00004\u0000":"[#4](https://github.com/sourcecred/example-github/issues/4): A closed pull request","N\u0000sourcecred\u0000github\u0000ISSUE\u0000sourcecred\u0000example-github\u00006\u0000":"[#6](https://github.com/sourcecred/example-github/issues/6): An issue with comments","N\u0000sourcecred\u0000github\u0000ISSUE\u0000sourcecred\u0000example-github\u00007\u0000":"[#7](https://github.com/sourcecred/example-github/issues/7): An issue with an extremely long title, which even has a VerySuperFragicalisticialiManyCharacterUberLongTriplePlusGood word in it, and should really be truncated intelligently or something","N\u0000sourcecred\u0000github\u0000ISSUE\u0000sourcecred\u0000example-github\u00008\u0000":"[#8](https://github.com/sourcecred/example-github/issues/8): Issue with Unicode: »¥·à≤£ê≥Ê•¢üëç :heart: ê§îê§Åê§Äê§ëê§çê§âê§îê§åê§Ñê§çê§ç ‚ù§Ô∏è","N\u0000sourcecred\u0000github\u0000PULL\u0000sourcecred\u0000example-github\u00003\u0000":"[#3](https://github.com/sourcecred/example-github/pull/3): Add README, merge via PR.","N\u0000sourcecred\u0000github\u0000PULL\u0000sourcecred\u0000example-github\u00005\u0000":"[#5](https://github.com/sourcecred/example-github/pull/5): This pull request will be more contentious. I can feel it...","N\u0000sourcecred\u0000github\u0000PULL\u0000sourcecred\u0000example-github\u00009\u0000":"[#9](https://github.com/sourcecred/example-github/pull/9): An unmerged pull request","N\u0000sourcecred\u0000github\u0000REPO\u0000sourcecred\u0000example-github\u0000":"[sourcecred/example-github](https://github.com/sourcecred/example-github)","N\u0000sourcecred\u0000github\u0000REVIEW\u0000sourcecred\u0000example-github\u00005\u0000100313899\u0000":"[review](https://github.com/sourcecred/example-github/pull/5#pullrequestreview-100313899) on [#5](https://github.com/sourcecred/example-github/pull/5): This pull request will be more contentious. I can feel it...","N\u0000sourcecred\u0000github\u0000REVIEW\u0000sourcecred\u0000example-github\u00005\u0000100314038\u0000":"[review](https://github.com/sourcecred/example-github/pull/5#pullrequestreview-100314038) on [#5](https://github.com/sourcecred/example-github/pull/5): This pull request will be more contentious. I can feel it...","N\u0000sourcecred\u0000github\u0000USERLIKE\u0000BOT\u0000credbot\u0000":"[@credbot](https://github.com/credbot)","N\u0000sourcecred\u0000github\u0000USERLIKE\u0000USER\u0000decentralion\u0000":"[@decentralion](https://github.com/decentralion)","N\u0000sourcecred\u0000github\u0000USERLIKE\u0000USER\u0000wchargin\u0000":"[@wchargin](https://github.com/wchargin)"}