[{"type":"sourcecred/graph","version":"0.6.0"},{"edges":[{"address":["sourcecred","git","HAS_PARENT","2","COMMIT","0a223346b4e6dec0127b1e6aa892c4ee0424b66a","2","COMMIT","ec91adb718a6045b492303f00d8e8beb957dc780"],"dstIndex":4,"srcIndex":0},{"address":["sourcecred","git","HAS_PARENT","2","COMMIT","0a223346b4e6dec0127b1e6aa892c4ee0424b66a","2","COMMIT","ecc889dc94cf6da17ae6eab5bb7b7155f577519d"],"dstIndex":5,"srcIndex":0},{"address":["sourcecred","git","HAS_PARENT","2","COMMIT","6bd1b4c0b719c22c688a74863be07a699b7b9b34","2","COMMIT","c430bd74455105f77215ece51945094ceeee6c86"],"dstIndex":3,"srcIndex":1},{"address":["sourcecred","git","HAS_PARENT","2","COMMIT","6d5b3aa31ebb68a06ceb46bbd6cf49b6ccd6f5e6","2","COMMIT","0a223346b4e6dec0127b1e6aa892c4ee0424b66a"],"dstIndex":0,"srcIndex":2},{"address":["sourcecred","git","HAS_PARENT","2","COMMIT","c430bd74455105f77215ece51945094ceeee6c86","2","COMMIT","6d5b3aa31ebb68a06ceb46bbd6cf49b6ccd6f5e6"],"dstIndex":2,"srcIndex":3},{"address":["sourcecred","git","HAS_PARENT","2","COMMIT","ecc889dc94cf6da17ae6eab5bb7b7155f577519d","2","COMMIT","ec91adb718a6045b492303f00d8e8beb957dc780"],"dstIndex":4,"srcIndex":5},{"address":["sourcecred","github","AUTHORS","5","sourcecred","github","USERLIKE","BOT","credbot","4","sourcecred","github","COMMIT","MDY6Q29tbWl0MTIzMjU1MDA2OmM0MzBiZDc0NDU1MTA1Zjc3MjE1ZWNlNTE5NDUwOTRjZWVlZTZjODY="],"dstIndex":28,"srcIndex":47},{"address":["sourcecred","github","AUTHORS","5","sourcecred","github","USERLIKE","BOT","credbot","8","sourcecred","github","COMMENT","ISSUE","sourcecred","example-github","6","417104047"],"dstIndex":21,"srcIndex":47},{"address":["sourcecred","github","AUTHORS","5","sourcecred","github","USERLIKE","USER","decentralion","4","sourcecred","github","COMMIT","MDY6Q29tbWl0MTIzMjU1MDA2OjBhMjIzMzQ2YjRlNmRlYzAxMjdiMWU2YWE4OTJjNGVlMDQyNGI2NmE="],"dstIndex":25,"srcIndex":48},{"address":["sourcecred","github","AUTHORS","5","sourcecred","github","USERLIKE","USER","decentralion","4","sourcecred","github","COMMIT","MDY6Q29tbWl0MTIzMjU1MDA2OjZkNWIzYWEzMWViYjY4YTA2Y2ViNDZiYmQ2Y2Y0OWI2Y2NkNmY1ZTY="],"dstIndex":27,"srcIndex":48},{"address":["sourcecred","github","AUTHORS","5","sourcecred","github","USERLIKE","USER","decentralion","4","sourcecred","github","COMMIT","MDY6Q29tbWl0MTIzMjU1MDA2OmVjOTFhZGI3MThhNjA0NWI0OTIzMDNmMDBkOGU4YmViOTU3ZGM3ODA="],"dstIndex":29,"srcIndex":48},{"address":["sourcecred","github","AUTHORS","5","sourcecred","github","USERLIKE","USER","decentralion","4","sourcecred","github","COMMIT","MDY6Q29tbWl0MTIzMjU1MDA2OmVjYzg4OWRjOTRjZjZkYTE3YWU2ZWFiNWJiN2I3MTU1ZjU3NzUxOWQ="],"dstIndex":30,"srcIndex":48},{"address":["sourcecred","github","AUTHORS","5","sourcecred","github","USERLIKE","USER","decentralion","6","sourcecred","github","ISSUE","sourcecred","example-github","1"],"dstIndex":31,"srcIndex":48},{"address":["sourcecred","github","AUTHORS","5","sourcecred","github","USERLIKE","USER","decentralion","6","sourcecred","github","ISSUE","sourcecred","example-github","10"],"dstIndex":32,"srcIndex":48},{"address":["sourcecred","github","AUTHORS","5","sourcecred","github","USERLIKE","USER","decentralion","6","sourcecred","github","ISSUE","sourcecred","example-github","12"],"dstIndex":34,"srcIndex":48},{"address":["sourcecred","github","AUTHORS","5","sourcecred","github","USERLIKE","USER","decentralion","6","sourcecred","github","ISSUE","sourcecred","example-github","13"],"dstIndex":35,"srcIndex":48},{"address":["sourcecred","github","AUTHORS","5","sourcecred","github","USERLIKE","USER","decentralion","6","sourcecred","github","ISSUE","sourcecred","example-github","2"],"dstIndex":36,"srcIndex":48},{"address":["sourcecred","github","AUTHORS","5","sourcecred","github","USERLIKE","USER","decentralion","6","sourcecred","github","ISSUE","sourcecred","example-github","4"],"dstIndex":37,"srcIndex":48},{"address":["sourcecred","github","AUTHORS","5","sourcecred","github","USERLIKE","USER","decentralion","6","sourcecred","github","ISSUE","sourcecred","example-github","6"],"dstIndex":38,"srcIndex":48},{"address":["sourcecred","github","AUTHORS","5","sourcecred","github","USERLIKE","USER","decentralion","6","sourcecred","github","ISSUE","sourcecred","example-github","7"],"dstIndex":39,"srcIndex":48},{"address":["sourcecred","github","AUTHORS","5","sourcecred","github","USERLIKE","USER","decentralion","6","sourcecred","github","ISSUE","sourcecred","example-github","8"],"dstIndex":40,"srcIndex":48},{"address":["sourcecred","github","AUTHORS","5","sourcecred","github","USERLIKE","USER","decentralion","6","sourcecred","github","PULL","sourcecred","example-github","3"],"dstIndex":41,"srcIndex":48},{"address":["sourcecred","github","AUTHORS","5","sourcecred","github","USERLIKE","USER","decentralion","6","sourcecred","github","PULL","sourcecred","example-github","5"],"dstIndex":42,"srcIndex":48},{"address":["sourcecred","github","AUTHORS","5","sourcecred","github","USERLIKE","USER","decentralion","6","sourcecred","github","PULL","sourcecred","example-github","9"],"dstIndex":43,"srcIndex":48},{"address":["sourcecred","github","AUTHORS","5","sourcecred","github","USERLIKE","USER","decentralion","8","sourcecred","github","COMMENT","ISSUE","sourcecred","example-github","11","420813621"],"dstIndex":9,"srcIndex":48},{"address":["sourcecred","github","AUTHORS","5","sourcecred","github","USERLIKE","USER","decentralion","8","sourcecred","github","COMMENT","ISSUE","sourcecred","example-github","2","373768703"],"dstIndex":10,"srcIndex":48},{"address":["sourcecred","github","AUTHORS","5","sourcecred","github","USERLIKE","USER","decentralion","8","sourcecred","github","COMMENT","ISSUE","sourcecred","example-github","2","373768850"],"dstIndex":11,"srcIndex":48},{"address":["sourcecred","github","AUTHORS","5","sourcecred","github","USERLIKE","USER","decentralion","8","sourcecred","github","COMMENT","ISSUE","sourcecred","example-github","2","385576185"],"dstIndex":12,"srcIndex":48},{"address":["sourcecred","github","AUTHORS","5","sourcecred","github","USERLIKE","USER","decentralion","8","sourcecred","github","COMMENT","ISSUE","sourcecred","example-github","2","385576220"],"dstIndex":13,"srcIndex":48},{"address":["sourcecred","github","AUTHORS","5","sourcecred","github","USERLIKE","USER","decentralion","8","sourcecred","github","COMMENT","ISSUE","sourcecred","example-github","2","385576248"],"dstIndex":14,"srcIndex":48},{"address":["sourcecred","github","AUTHORS","5","sourcecred","github","USERLIKE","USER","decentralion","8","sourcecred","github","COMMENT","ISSUE","sourcecred","example-github","2","385576273"],"dstIndex":15,"srcIndex":48},{"address":["sourcecred","github","AUTHORS","5","sourcecred","github","USERLIKE","USER","decentralion","8","sourcecred","github","COMMENT","ISSUE","sourcecred","example-github","2","385576920"],"dstIndex":16,"srcIndex":48},{"address":["sourcecred","github","AUTHORS","5","sourcecred","github","USERLIKE","USER","decentralion","8","sourcecred","github","COMMENT","ISSUE","sourcecred","example-github","2","385576936"],"dstIndex":17,"srcIndex":48},{"address":["sourcecred","github","AUTHORS","5","sourcecred","github","USERLIKE","USER","decentralion","8","sourcecred","github","COMMENT","ISSUE","sourcecred","example-github","6","373768442"],"dstIndex":18,"srcIndex":48},{"address":["sourcecred","github","AUTHORS","5","sourcecred","github","USERLIKE","USER","decentralion","8","sourcecred","github","COMMENT","ISSUE","sourcecred","example-github","6","373768538"],"dstIndex":19,"srcIndex":48},{"address":["sourcecred","github","AUTHORS","5","sourcecred","github","USERLIKE","USER","decentralion","8","sourcecred","github","COMMENT","ISSUE","sourcecred","example-github","6","385223316"],"dstIndex":20,"srcIndex":48},{"address":["sourcecred","github","AUTHORS","5","sourcecred","github","USERLIKE","USER","decentralion","8","sourcecred","github","COMMENT","PULL","sourcecred","example-github","3","369162222"],"dstIndex":22,"srcIndex":48},{"address":["sourcecred","github","AUTHORS","5","sourcecred","github","USERLIKE","USER","wchargin","6","sourcecred","github","ISSUE","sourcecred","example-github","10"],"dstIndex":32,"srcIndex":49},{"address":["sourcecred","github","AUTHORS","5","sourcecred","github","USERLIKE","USER","wchargin","6","sourcecred","github","ISSUE","sourcecred","example-github","11"],"dstIndex":33,"srcIndex":49},{"address":["sourcecred","github","AUTHORS","5","sourcecred","github","USERLIKE","USER","wchargin","6","sourcecred","github","PULL","sourcecred","example-github","9"],"dstIndex":43,"srcIndex":49},{"address":["sourcecred","github","AUTHORS","5","sourcecred","github","USERLIKE","USER","wchargin","7","sourcecred","github","REVIEW","sourcecred","example-github","5","100313899"],"dstIndex":45,"srcIndex":49},{"address":["sourcecred","github","AUTHORS","5","sourcecred","github","USERLIKE","USER","wchargin","7","sourcecred","github","REVIEW","sourcecred","example-github","5","100314038"],"dstIndex":46,"srcIndex":49},{"address":["sourcecred","github","AUTHORS","5","sourcecred","github","USERLIKE","USER","wchargin","8","sourcecred","github","COMMENT","ISSUE","sourcecred","example-github","11","420813013"],"dstIndex":7,"srcIndex":49},{"address":["sourcecred","github","AUTHORS","5","sourcecred","github","USERLIKE","USER","wchargin","8","sourcecred","github","COMMENT","PULL","sourcecred","example-github","5","396430464"],"dstIndex":23,"srcIndex":49},{"address":["sourcecred","github","AUTHORS","5","sourcecred","github","USERLIKE","USER","wchargin","9","sourcecred","github","COMMENT","REVIEW","sourcecred","example-github","5","100313899","171460198"],"dstIndex":24,"srcIndex":49},{"address":["sourcecred","github","CORRESPONDS_TO_COMMIT_TYPE","4","sourcecred","github","COMMIT","MDY6Q29tbWl0MTIzMjU1MDA2OjBhMjIzMzQ2YjRlNmRlYzAxMjdiMWU2YWE4OTJjNGVlMDQyNGI2NmE="],"dstIndex":0,"srcIndex":25},{"address":["sourcecred","github","CORRESPONDS_TO_COMMIT_TYPE","4","sourcecred","github","COMMIT","MDY6Q29tbWl0MTIzMjU1MDA2OjZiZDFiNGMwYjcxOWMyMmM2ODhhNzQ4NjNiZTA3YTY5OWI3YjliMzQ="],"dstIndex":1,"srcIndex":26},{"address":["sourcecred","github","CORRESPONDS_TO_COMMIT_TYPE","4","sourcecred","github","COMMIT","MDY6Q29tbWl0MTIzMjU1MDA2OjZkNWIzYWEzMWViYjY4YTA2Y2ViNDZiYmQ2Y2Y0OWI2Y2NkNmY1ZTY="],"dstIndex":2,"srcIndex":27},{"address":["sourcecred","github","CORRESPONDS_TO_COMMIT_TYPE","4","sourcecred","github","COMMIT","MDY6Q29tbWl0MTIzMjU1MDA2OmM0MzBiZDc0NDU1MTA1Zjc3MjE1ZWNlNTE5NDUwOTRjZWVlZTZjODY="],"dstIndex":3,"srcIndex":28},{"address":["sourcecred","github","CORRESPONDS_TO_COMMIT_TYPE","4","sourcecred","github","COMMIT","MDY6Q29tbWl0MTIzMjU1MDA2OmVjOTFhZGI3MThhNjA0NWI0OTIzMDNmMDBkOGU4YmViOTU3ZGM3ODA="],"dstIndex":4,"srcIndex":29},{"address":["sourcecred","github","CORRESPONDS_TO_COMMIT_TYPE","4","sourcecred","github","COMMIT","MDY6Q29tbWl0MTIzMjU1MDA2OmVjYzg4OWRjOTRjZjZkYTE3YWU2ZWFiNWJiN2I3MTU1ZjU3NzUxOWQ="],"dstIndex":5,"srcIndex":30},{"address":["sourcecred","github","HAS_PARENT","6","sourcecred","github","ISSUE","sourcecred","example-github","1"],"dstIndex":44,"srcIndex":31},{"address":["sourcecred","github","HAS_PARENT","6","sourcecred","github","ISSUE","sourcecred","example-github","10"],"dstIndex":44,"srcIndex":32},{"address":["sourcecred","github","HAS_PARENT","6","sourcecred","github","ISSUE","sourcecred","example-github","11"],"dstIndex":44,"srcIndex":33},{"address":["sourcecred","github","HAS_PARENT","6","sourcecred","github","ISSUE","sourcecred","example-github","12"],"dstIndex":44,"srcIndex":34},{"address":["sourcecred","github","HAS_PARENT","6","sourcecred","github","ISSUE","sourcecred","example-github","13"],"dstIndex":44,"srcIndex":35},{"address":["sourcecred","github","HAS_PARENT","6","sourcecred","github","ISSUE","sourcecred","example-github","2"],"dstIndex":44,"srcIndex":36},{"address":["sourcecred","github","HAS_PARENT","6","sourcecred","github","ISSUE","sourcecred","example-github","4"],"dstIndex":44,"srcIndex":37},{"address":["sourcecred","github","HAS_PARENT","6","sourcecred","github","ISSUE","sourcecred","example-github","6"],"dstIndex":44,"srcIndex":38},{"address":["sourcecred","github","HAS_PARENT","6","sourcecred","github","ISSUE","sourcecred","example-github","7"],"dstIndex":44,"srcIndex":39},{"address":["sourcecred","github","HAS_PARENT","6","sourcecred","github","ISSUE","sourcecred","example-github","8"],"dstIndex":44,"srcIndex":40},{"address":["sourcecred","github","HAS_PARENT","6","sourcecred","github","PULL","sourcecred","example-github","3"],"dstIndex":44,"srcIndex":41},{"address":["sourcecred","github","HAS_PARENT","6","sourcecred","github","PULL","sourcecred","example-github","5"],"dstIndex":44,"srcIndex":42},{"address":["sourcecred","github","HAS_PARENT","6","sourcecred","github","PULL","sourcecred","example-github","9"],"dstIndex":44,"srcIndex":43},{"address":["sourcecred","github","HAS_PARENT","7","sourcecred","github","REVIEW","sourcecred","example-github","5","100313899"],"dstIndex":42,"srcIndex":45},{"address":["sourcecred","github","HAS_PARENT","7","sourcecred","github","REVIEW","sourcecred","example-github","5","100314038"],"dstIndex":42,"srcIndex":46},{"address":["sourcecred","github","HAS_PARENT","8","sourcecred","github","COMMENT","ISSUE","sourcecred","example-github","11","420811872"],"dstIndex":33,"srcIndex":6},{"address":["sourcecred","github","HAS_PARENT","8","sourcecred","github","COMMENT","ISSUE","sourcecred","example-github","11","420813013"],"dstIndex":33,"srcIndex":7},{"address":["sourcecred","github","HAS_PARENT","8","sourcecred","github","COMMENT","ISSUE","sourcecred","example-github","11","420813206"],"dstIndex":33,"srcIndex":8},{"address":["sourcecred","github","HAS_PARENT","8","sourcecred","github","COMMENT","ISSUE","sourcecred","example-github","11","420813621"],"dstIndex":33,"srcIndex":9},{"address":["sourcecred","github","HAS_PARENT","8","sourcecred","github","COMMENT","ISSUE","sourcecred","example-github","2","373768703"],"dstIndex":36,"srcIndex":10},{"address":["sourcecred","github","HAS_PARENT","8","sourcecred","github","COMMENT","ISSUE","sourcecred","example-github","2","373768850"],"dstIndex":36,"srcIndex":11},{"address":["sourcecred","github","HAS_PARENT","8","sourcecred","github","COMMENT","ISSUE","sourcecred","example-github","2","385576185"],"dstIndex":36,"srcIndex":12},{"address":["sourcecred","github","HAS_PARENT","8","sourcecred","github","COMMENT","ISSUE","sourcecred","example-github","2","385576220"],"dstIndex":36,"srcIndex":13},{"address":["sourcecred","github","HAS_PARENT","8","sourcecred","github","COMMENT","ISSUE","sourcecred","example-github","2","385576248"],"dstIndex":36,"srcIndex":14},{"address":["sourcecred","github","HAS_PARENT","8","sourcecred","github","COMMENT","ISSUE","sourcecred","example-github","2","385576273"],"dstIndex":36,"srcIndex":15},{"address":["sourcecred","github","HAS_PARENT","8","sourcecred","github","COMMENT","ISSUE","sourcecred","example-github","2","385576920"],"dstIndex":36,"srcIndex":16},{"address":["sourcecred","github","HAS_PARENT","8","sourcecred","github","COMMENT","ISSUE","sourcecred","example-github","2","385576936"],"dstIndex":36,"srcIndex":17},{"address":["sourcecred","github","HAS_PARENT","8","sourcecred","github","COMMENT","ISSUE","sourcecred","example-github","6","373768442"],"dstIndex":38,"srcIndex":18},{"address":["sourcecred","github","HAS_PARENT","8","sourcecred","github","COMMENT","ISSUE","sourcecred","example-github","6","373768538"],"dstIndex":38,"srcIndex":19},{"address":["sourcecred","github","HAS_PARENT","8","sourcecred","github","COMMENT","ISSUE","sourcecred","example-github","6","385223316"],"dstIndex":38,"srcIndex":20},{"address":["sourcecred","github","HAS_PARENT","8","sourcecred","github","COMMENT","ISSUE","sourcecred","example-github","6","417104047"],"dstIndex":38,"srcIndex":21},{"address":["sourcecred","github","HAS_PARENT","8","sourcecred","github","COMMENT","PULL","sourcecred","example-github","3","369162222"],"dstIndex":41,"srcIndex":22},{"address":["sourcecred","github","HAS_PARENT","8","sourcecred","github","COMMENT","PULL","sourcecred","example-github","5","396430464"],"dstIndex":42,"srcIndex":23},{"address":["sourcecred","github","HAS_PARENT","9","sourcecred","github","COMMENT","REVIEW","sourcecred","example-github","5","100313899","171460198"],"dstIndex":45,"srcIndex":24},{"address":["sourcecred","github","MERGED_AS","6","sourcecred","github","PULL","sourcecred","example-github","3"],"dstIndex":25,"srcIndex":41},{"address":["sourcecred","github","MERGED_AS","6","sourcecred","github","PULL","sourcecred","example-github","5"],"dstIndex":27,"srcIndex":42},{"address":["sourcecred","github","REACTS","HEART","5","sourcecred","github","USERLIKE","USER","decentralion","6","sourcecred","github","ISSUE","sourcecred","example-github","1"],"dstIndex":31,"srcIndex":48},{"address":["sourcecred","github","REACTS","HEART","5","sourcecred","github","USERLIKE","USER","decentralion","6","sourcecred","github","ISSUE","sourcecred","example-github","13"],"dstIndex":35,"srcIndex":48},{"address":["sourcecred","github","REACTS","HEART","5","sourcecred","github","USERLIKE","USER","decentralion","6","sourcecred","github","PULL","sourcecred","example-github","9"],"dstIndex":43,"srcIndex":48},{"address":["sourcecred","github","REACTS","HEART","5","sourcecred","github","USERLIKE","USER","decentralion","8","sourcecred","github","COMMENT","PULL","sourcecred","example-github","5","396430464"],"dstIndex":23,"srcIndex":48},{"address":["sourcecred","github","REACTS","HEART","5","sourcecred","github","USERLIKE","USER","decentralion","9","sourcecred","github","COMMENT","REVIEW","sourcecred","example-github","5","100313899","171460198"],"dstIndex":24,"srcIndex":48},{"address":["sourcecred","github","REACTS","HEART","5","sourcecred","github","USERLIKE","USER","wchargin","9","sourcecred","github","COMMENT","REVIEW","sourcecred","example-github","5","100313899","171460198"],"dstIndex":24,"srcIndex":49},{"address":["sourcecred","github","REACTS","HOORAY","5","sourcecred","github","USERLIKE","USER","decentralion","6","sourcecred","github","ISSUE","sourcecred","example-github","13"],"dstIndex":35,"srcIndex":48},{"address":["sourcecred","github","REACTS","HOORAY","5","sourcecred","github","USERLIKE","USER","decentralion","8","sourcecred","github","COMMENT","ISSUE","sourcecred","example-github","11","420813206"],"dstIndex":8,"srcIndex":48},{"address":["sourcecred","github","REACTS","HOORAY","5","sourcecred","github","USERLIKE","USER","decentralion","9","sourcecred","github","COMMENT","REVIEW","sourcecred","example-github","5","100313899","171460198"],"dstIndex":24,"srcIndex":48},{"address":["sourcecred","github","REACTS","HOORAY","5","sourcecred","github","USERLIKE","USER","wchargin","9","sourcecred","github","COMMENT","REVIEW","sourcecred","example-github","5","100313899","171460198"],"dstIndex":24,"srcIndex":49},{"address":["sourcecred","github","REACTS","ROCKET","5","sourcecred","github","USERLIKE","USER","decentralion","6","sourcecred","github","ISSUE","sourcecred","example-github","13"],"dstIndex":35,"srcIndex":48},{"address":["sourcecred","github","REACTS","THUMBS_UP","5","sourcecred","github","USERLIKE","USER","decentralion","6","sourcecred","github","ISSUE","sourcecred","example-github","12"],"dstIndex":34,"srcIndex":48},{"address":["sourcecred","github","REACTS","THUMBS_UP","5","sourcecred","github","USERLIKE","USER","decentralion","6","sourcecred","github","ISSUE","sourcecred","example-github","13"],"dstIndex":35,"srcIndex":48},{"address":["sourcecred","github","REACTS","THUMBS_UP","5","sourcecred","github","USERLIKE","USER","decentralion","6","sourcecred","github","PULL","sourcecred","example-github","9"],"dstIndex":43,"srcIndex":48},{"address":["sourcecred","github","REACTS","THUMBS_UP","5","sourcecred","github","USERLIKE","USER","decentralion","8","sourcecred","github","COMMENT","ISSUE","sourcecred","example-github","11","420813206"],"dstIndex":8,"srcIndex":48},{"address":["sourcecred","github","REACTS","THUMBS_UP","5","sourcecred","github","USERLIKE","USER","decentralion","9","sourcecred","github","COMMENT","REVIEW","sourcecred","example-github","5","100313899","171460198"],"dstIndex":24,"srcIndex":48},{"address":["sourcecred","github","REACTS","THUMBS_UP","5","sourcecred","github","USERLIKE","USER","wchargin","9","sourcecred","github","COMMENT","REVIEW","sourcecred","example-github","5","100313899","171460198"],"dstIndex":24,"srcIndex":49},{"address":["sourcecred","github","REFERENCES","4","sourcecred","github","COMMIT","MDY6Q29tbWl0MTIzMjU1MDA2OjBhMjIzMzQ2YjRlNmRlYzAxMjdiMWU2YWE4OTJjNGVlMDQyNGI2NmE=","6","sourcecred","github","PULL","sourcecred","example-github","3"],"dstIndex":41,"srcIndex":25},{"address":["sourcecred","github","REFERENCES","4","sourcecred","github","COMMIT","MDY6Q29tbWl0MTIzMjU1MDA2OjZiZDFiNGMwYjcxOWMyMmM2ODhhNzQ4NjNiZTA3YTY5OWI3YjliMzQ=","5","sourcecred","github","USERLIKE","USER","wchargin"],"dstIndex":49,"srcIndex":26},{"address":["sourcecred","github","REFERENCES","4","sourcecred","github","COMMIT","MDY6Q29tbWl0MTIzMjU1MDA2OjZkNWIzYWEzMWViYjY4YTA2Y2ViNDZiYmQ2Y2Y0OWI2Y2NkNmY1ZTY=","6","sourcecred","github","PULL","sourcecred","example-github","5"],"dstIndex":42,"srcIndex":27},{"address":["sourcecred","github","REFERENCES","4","sourcecred","github","COMMIT","MDY6Q29tbWl0MTIzMjU1MDA2OmM0MzBiZDc0NDU1MTA1Zjc3MjE1ZWNlNTE5NDUwOTRjZWVlZTZjODY=","5","sourcecred","github","USERLIKE","USER","wchargin"],"dstIndex":49,"srcIndex":28},{"address":["sourcecred","github","REFERENCES","6","sourcecred","github","ISSUE","sourcecred","example-github","10","6","sourcecred","github","ISSUE","sourcecred","example-github","10"],"dstIndex":32,"srcIndex":32},{"address":["sourcecred","github","REFERENCES","6","sourcecred","github","ISSUE","sourcecred","example-github","10","6","sourcecred","github","ISSUE","sourcecred","example-github","2"],"dstIndex":36,"srcIndex":32},{"address":["sourcecred","github","REFERENCES","6","sourcecred","github","ISSUE","sourcecred","example-github","12","4","sourcecred","github","COMMIT","MDY6Q29tbWl0MTIzMjU1MDA2OmVjOTFhZGI3MThhNjA0NWI0OTIzMDNmMDBkOGU4YmViOTU3ZGM3ODA="],"dstIndex":29,"srcIndex":34},{"address":["sourcecred","github","REFERENCES","6","sourcecred","github","ISSUE","sourcecred","example-github","12","4","sourcecred","github","COMMIT","MDY6Q29tbWl0MTIzMjU1MDA2OmVjYzg4OWRjOTRjZjZkYTE3YWU2ZWFiNWJiN2I3MTU1ZjU3NzUxOWQ="],"dstIndex":30,"srcIndex":34},{"address":["sourcecred","github","REFERENCES","6","sourcecred","github","ISSUE","sourcecred","example-github","2","6","sourcecred","github","ISSUE","sourcecred","example-github","1"],"dstIndex":31,"srcIndex":36},{"address":["sourcecred","github","REFERENCES","6","sourcecred","github","PULL","sourcecred","example-github","5","5","sourcecred","github","USERLIKE","USER","wchargin"],"dstIndex":49,"srcIndex":42},{"address":["sourcecred","github","REFERENCES","8","sourcecred","github","COMMENT","ISSUE","sourcecred","example-github","2","373768703","6","sourcecred","github","ISSUE","sourcecred","example-github","6"],"dstIndex":38,"srcIndex":10},{"address":["sourcecred","github","REFERENCES","8","sourcecred","github","COMMENT","ISSUE","sourcecred","example-github","2","373768850","8","sourcecred","github","COMMENT","ISSUE","sourcecred","example-github","6","373768538"],"dstIndex":19,"srcIndex":11},{"address":["sourcecred","github","REFERENCES","8","sourcecred","github","COMMENT","ISSUE","sourcecred","example-github","2","385576185","6","sourcecred","github","PULL","sourcecred","example-github","5"],"dstIndex":42,"srcIndex":12},{"address":["sourcecred","github","REFERENCES","8","sourcecred","github","COMMENT","ISSUE","sourcecred","example-github","2","385576220","7","sourcecred","github","REVIEW","sourcecred","example-github","5","100313899"],"dstIndex":45,"srcIndex":13},{"address":["sourcecred","github","REFERENCES","8","sourcecred","github","COMMENT","ISSUE","sourcecred","example-github","2","385576248","9","sourcecred","github","COMMENT","REVIEW","sourcecred","example-github","5","100313899","171460198"],"dstIndex":24,"srcIndex":14},{"address":["sourcecred","github","REFERENCES","8","sourcecred","github","COMMENT","ISSUE","sourcecred","example-github","2","385576273","5","sourcecred","github","USERLIKE","USER","wchargin"],"dstIndex":49,"srcIndex":15},{"address":["sourcecred","github","REFERENCES","8","sourcecred","github","COMMENT","ISSUE","sourcecred","example-github","2","385576920","6","sourcecred","github","ISSUE","sourcecred","example-github","1"],"dstIndex":31,"srcIndex":16},{"address":["sourcecred","github","REFERENCES","8","sourcecred","github","COMMENT","ISSUE","sourcecred","example-github","2","385576920","6","sourcecred","github","ISSUE","sourcecred","example-github","2"],"dstIndex":36,"srcIndex":16},{"address":["sourcecred","github","REFERENCES","8","sourcecred","github","COMMENT","ISSUE","sourcecred","example-github","2","385576920","6","sourcecred","github","PULL","sourcecred","example-github","3"],"dstIndex":41,"srcIndex":16},{"address":["sourcecred","github","REFERENCES","8","sourcecred","github","COMMENT","ISSUE","sourcecred","example-github","2","385576920","7","sourcecred","github","REVIEW","sourcecred","example-github","5","100313899"],"dstIndex":45,"srcIndex":16},{"address":["sourcecred","github","REFERENCES","8","sourcecred","github","COMMENT","ISSUE","sourcecred","example-github","2","385576920","9","sourcecred","github","COMMENT","REVIEW","sourcecred","example-github","5","100313899","171460198"],"dstIndex":24,"srcIndex":16},{"address":["sourcecred","github","REFERENCES","8","sourcecred","github","COMMENT","ISSUE","sourcecred","example-github","6","385223316","6","sourcecred","github","ISSUE","sourcecred","example-github","2"],"dstIndex":36,"srcIndex":20},{"address":["sourcecred","github","REFERENCES","8","sourcecred","github","COMMENT","PULL","sourcecred","example-github","3","369162222","6","sourcecred","github","ISSUE","sourcecred","example-github","2"],"dstIndex":36,"srcIndex":22}],"nodes":[{"description":"0a223346b4e6dec0127b1e6aa892c4ee0424b66a","index":0},{"description":"6bd1b4c0b719c22c688a74863be07a699b7b9b34","index":1},{"description":"6d5b3aa31ebb68a06ceb46bbd6cf49b6ccd6f5e6","index":2},{"description":"c430bd74455105f77215ece51945094ceeee6c86","index":3},{"description":"ec91adb718a6045b492303f00d8e8beb957dc780","index":4},{"description":"ecc889dc94cf6da17ae6eab5bb7b7155f577519d","index":5},{"description":"[comment](https://github.com/sourcecred/example-github/issues/11#issuecomment-420811872) on [#11](https://github.com/sourcecred/example-github/issues/11): An issue with a comment from a deleted user","index":6},{"description":"[comment](https://github.com/sourcecred/example-github/issues/11#issuecomment-420813013) on [#11](https://github.com/sourcecred/example-github/issues/11): An issue with a comment from a deleted user","index":7},{"description":"[comment](https://github.com/sourcecred/example-github/issues/11#issuecomment-420813206) on [#11](https://github.com/sourcecred/example-github/issues/11): An issue with a comment from a deleted user","index":8},{"description":"[comment](https://github.com/sourcecred/example-github/issues/11#issuecomment-420813621) on [#11](https://github.com/sourcecred/example-github/issues/11): An issue with a comment from a deleted user","index":9},{"description":"[comment](https://github.com/sourcecred/example-github/issues/2#issuecomment-373768703) on [#2](https://github.com/sourcecred/example-github/issues/2): A referencing issue.","index":10},{"description":"[comment](https://github.com/sourcecred/example-github/issues/2#issuecomment-373768850) on [#2](https://github.com/sourcecred/example-github/issues/2): A referencing issue.","index":11},{"description":"[comment](https://github.com/sourcecred/example-github/issues/2#issuecomment-385576185) on [#2](https://github.com/sourcecred/example-github/issues/2): A referencing issue.","index":12},{"description":"[comment](https://github.com/sourcecred/example-github/issues/2#issuecomment-385576220) on [#2](https://github.com/sourcecred/example-github/issues/2): A referencing issue.","index":13},{"description":"[comment](https://github.com/sourcecred/example-github/issues/2#issuecomment-385576248) on [#2](https://github.com/sourcecred/example-github/issues/2): A referencing issue.","index":14},{"description":"[comment](https://github.com/sourcecred/example-github/issues/2#issuecomment-385576273) on [#2](https://github.com/sourcecred/example-github/issues/2): A referencing issue.","index":15},{"description":"[comment](https://github.com/sourcecred/example-github/issues/2#issuecomment-385576920) on [#2](https://github.com/sourcecred/example-github/issues/2): A referencing issue.","index":16},{"description":"[comment](https://github.com/sourcecred/example-github/issues/2#issuecomment-385576936) on [#2](https://github.com/sourcecred/example-github/issues/2): A referencing issue.","index":17},{"description":"[comment](https://github.com/sourcecred/example-github/issues/6#issuecomment-373768442) on [#6](https://github.com/sourcecred/example-github/issues/6): An issue with comments","index":18},{"description":"[comment](https://github.com/sourcecred/example-github/issues/6#issuecomment-373768538) on [#6](https://github.com/sourcecred/example-github/issues/6): An issue with comments","index":19},{"description":"[comment](https://github.com/sourcecred/example-github/issues/6#issuecomment-385223316) on [#6](https://github.com/sourcecred/example-github/issues/6): An issue with comments","index":20},{"description":"[comment](https://github.com/sourcecred/example-github/issues/6#issuecomment-417104047) on [#6](https://github.com/sourcecred/example-github/issues/6): An issue with comments","index":21},{"description":"[comment](https://github.com/sourcecred/example-github/pull/3#issuecomment-369162222) on [#3](https://github.com/sourcecred/example-github/pull/3): Add README, merge via PR.","index":22},{"description":"[comment](https://github.com/sourcecred/example-github/pull/5#issuecomment-396430464) on [#5](https://github.com/sourcecred/example-github/pull/5): This pull request will be more contentious. I can feel it...","index":23},{"description":"[comment](https://github.com/sourcecred/example-github/pull/5#discussion_r171460198) on [review](https://github.com/sourcecred/example-github/pull/5#pullrequestreview-100313899) on [#5](https://github.com/sourcecred/example-github/pull/5): This pull request will be more contentious. I can feel it...","index":24},{"description":"[0a22334](https://github.com/sourcecred/example-github/commit/0a223346b4e6dec0127b1e6aa892c4ee0424b66a): ","index":25},{"description":"[6bd1b4c](https://github.com/sourcecred/example-github/commit/6bd1b4c0b719c22c688a74863be07a699b7b9b34): ","index":26},{"description":"[6d5b3aa](https://github.com/sourcecred/example-github/commit/6d5b3aa31ebb68a06ceb46bbd6cf49b6ccd6f5e6): ","index":27},{"description":"[c430bd7](https://github.com/sourcecred/example-github/commit/c430bd74455105f77215ece51945094ceeee6c86): ","index":28},{"description":"[ec91adb](https://github.com/sourcecred/example-github/commit/ec91adb718a6045b492303f00d8e8beb957dc780): ","index":29},{"description":"[ecc889d](https://github.com/sourcecred/example-github/commit/ecc889dc94cf6da17ae6eab5bb7b7155f577519d): ","index":30},{"description":"[#1](https://github.com/sourcecred/example-github/issues/1): An example issue.","index":31},{"description":"[#10](https://github.com/sourcecred/example-github/issues/10): Paired with multireference","index":32},{"description":"[#11](https://github.com/sourcecred/example-github/issues/11): An issue with a comment from a deleted user","index":33},{"description":"[#12](https://github.com/sourcecred/example-github/issues/12): An issue with commit references","index":34},{"description":"[#13](https://github.com/sourcecred/example-github/issues/13): An issue with reactions","index":35},{"description":"[#2](https://github.com/sourcecred/example-github/issues/2): A referencing issue.","index":36},{"description":"[#4](https://github.com/sourcecred/example-github/issues/4): A closed pull request","index":37},{"description":"[#6](https://github.com/sourcecred/example-github/issues/6): An issue with comments","index":38},{"description":"[#7](https://github.com/sourcecred/example-github/issues/7): An issue with an extremely long title, which even has a VerySuperFragicalisticialiManyCharacterUberLongTriplePlusGood word in it, and should really be truncated intelligently or something","index":39},{"description":"[#8](https://github.com/sourcecred/example-github/issues/8): Issue with Unicode: ȴሲ𣐳楢👍 :heart: 𐤔𐤁𐤀𐤑𐤍𐤉𐤔𐤌𐤄𐤍𐤍 ❤️","index":40},{"description":"[#3](https://github.com/sourcecred/example-github/pull/3): Add README, merge via PR.","index":41},{"description":"[#5](https://github.com/sourcecred/example-github/pull/5): This pull request will be more contentious. I can feel it...","index":42},{"description":"[#9](https://github.com/sourcecred/example-github/pull/9): An unmerged pull request","index":43},{"description":"[sourcecred/example-github](https://github.com/sourcecred/example-github)","index":44},{"description":"[review](https://github.com/sourcecred/example-github/pull/5#pullrequestreview-100313899) on [#5](https://github.com/sourcecred/example-github/pull/5): This pull request will be more contentious. I can feel it...","index":45},{"description":"[review](https://github.com/sourcecred/example-github/pull/5#pullrequestreview-100314038) on [#5](https://github.com/sourcecred/example-github/pull/5): This pull request will be more contentious. I can feel it...","index":46},{"description":"[@credbot](https://github.com/credbot)","index":47},{"description":"[@decentralion](https://github.com/decentralion)","index":48},{"description":"[@wchargin](https://github.com/wchargin)","index":49}],"sortedNodeAddresses":[["sourcecred","git","COMMIT","0a223346b4e6dec0127b1e6aa892c4ee0424b66a"],["sourcecred","git","COMMIT","6bd1b4c0b719c22c688a74863be07a699b7b9b34"],["sourcecred","git","COMMIT","6d5b3aa31ebb68a06ceb46bbd6cf49b6ccd6f5e6"],["sourcecred","git","COMMIT","c430bd74455105f77215ece51945094ceeee6c86"],["sourcecred","git","COMMIT","ec91adb718a6045b492303f00d8e8beb957dc780"],["sourcecred","git","COMMIT","ecc889dc94cf6da17ae6eab5bb7b7155f577519d"],["sourcecred","github","COMMENT","ISSUE","sourcecred","example-github","11","420811872"],["sourcecred","github","COMMENT","ISSUE","sourcecred","example-github","11","420813013"],["sourcecred","github","COMMENT","ISSUE","sourcecred","example-github","11","420813206"],["sourcecred","github","COMMENT","ISSUE","sourcecred","example-github","11","420813621"],["sourcecred","github","COMMENT","ISSUE","sourcecred","example-github","2","373768703"],["sourcecred","github","COMMENT","ISSUE","sourcecred","example-github","2","373768850"],["sourcecred","github","COMMENT","ISSUE","sourcecred","example-github","2","385576185"],["sourcecred","github","COMMENT","ISSUE","sourcecred","example-github","2","385576220"],["sourcecred","github","COMMENT","ISSUE","sourcecred","example-github","2","385576248"],["sourcecred","github","COMMENT","ISSUE","sourcecred","example-github","2","385576273"],["sourcecred","github","COMMENT","ISSUE","sourcecred","example-github","2","385576920"],["sourcecred","github","COMMENT","ISSUE","sourcecred","example-github","2","385576936"],["sourcecred","github","COMMENT","ISSUE","sourcecred","example-github","6","373768442"],["sourcecred","github","COMMENT","ISSUE","sourcecred","example-github","6","373768538"],["sourcecred","github","COMMENT","ISSUE","sourcecred","example-github","6","385223316"],["sourcecred","github","COMMENT","ISSUE","sourcecred","example-github","6","417104047"],["sourcecred","github","COMMENT","PULL","sourcecred","example-github","3","369162222"],["sourcecred","github","COMMENT","PULL","sourcecred","example-github","5","396430464"],["sourcecred","github","COMMENT","REVIEW","sourcecred","example-github","5","100313899","171460198"],["sourcecred","github","COMMIT","MDY6Q29tbWl0MTIzMjU1MDA2OjBhMjIzMzQ2YjRlNmRlYzAxMjdiMWU2YWE4OTJjNGVlMDQyNGI2NmE="],["sourcecred","github","COMMIT","MDY6Q29tbWl0MTIzMjU1MDA2OjZiZDFiNGMwYjcxOWMyMmM2ODhhNzQ4NjNiZTA3YTY5OWI3YjliMzQ="],["sourcecred","github","COMMIT","MDY6Q29tbWl0MTIzMjU1MDA2OjZkNWIzYWEzMWViYjY4YTA2Y2ViNDZiYmQ2Y2Y0OWI2Y2NkNmY1ZTY="],["sourcecred","github","COMMIT","MDY6Q29tbWl0MTIzMjU1MDA2OmM0MzBiZDc0NDU1MTA1Zjc3MjE1ZWNlNTE5NDUwOTRjZWVlZTZjODY="],["sourcecred","github","COMMIT","MDY6Q29tbWl0MTIzMjU1MDA2OmVjOTFhZGI3MThhNjA0NWI0OTIzMDNmMDBkOGU4YmViOTU3ZGM3ODA="],["sourcecred","github","COMMIT","MDY6Q29tbWl0MTIzMjU1MDA2OmVjYzg4OWRjOTRjZjZkYTE3YWU2ZWFiNWJiN2I3MTU1ZjU3NzUxOWQ="],["sourcecred","github","ISSUE","sourcecred","example-github","1"],["sourcecred","github","ISSUE","sourcecred","example-github","10"],["sourcecred","github","ISSUE","sourcecred","example-github","11"],["sourcecred","github","ISSUE","sourcecred","example-github","12"],["sourcecred","github","ISSUE","sourcecred","example-github","13"],["sourcecred","github","ISSUE","sourcecred","example-github","2"],["sourcecred","github","ISSUE","sourcecred","example-github","4"],["sourcecred","github","ISSUE","sourcecred","example-github","6"],["sourcecred","github","ISSUE","sourcecred","example-github","7"],["sourcecred","github","ISSUE","sourcecred","example-github","8"],["sourcecred","github","PULL","sourcecred","example-github","3"],["sourcecred","github","PULL","sourcecred","example-github","5"],["sourcecred","github","PULL","sourcecred","example-github","9"],["sourcecred","github","REPO","sourcecred","example-github"],["sourcecred","github","REVIEW","sourcecred","example-github","5","100313899"],["sourcecred","github","REVIEW","sourcecred","example-github","5","100314038"],["sourcecred","github","USERLIKE","BOT","credbot"],["sourcecred","github","USERLIKE","USER","decentralion"],["sourcecred","github","USERLIKE","USER","wchargin"]]}]