[{"type":"sourcecred/pagerankGraph","version":"0.1.0"},{"froWeights":[2,2,2,2,2,2,0.25,0.25,1,1,1,1,1,1,1,1,1,1,1,1,1,1,1,1,1,1,1,1,1,1,1,1,1,1,1,1,1,1,1,1,1,1,1,1,1,1,1,1,1,1,1,0.5,0.5,0.5,0.5,0.5,0.5,0.5,0.5,0.5,0.5,1,1,1,0.25,0.25,0.25,0.25,0.25,0.25,0.25,0.25,0.25,0.25,0.25,0.25,0.25,0.25,0.25,0.25,0.25,0.25,0.25,0.25,0.25,0,4,4,0,0,0,0,0,0,0,0,0,0,0,0,0,0,0,0,0,0,0,0,0,0,0,0,0,0,0,0,0,0,0,0,0,0,0,0,0,0,0,0],"graphJSON":[{"type":"sourcecred/graph","version":"0.5.0"},{"edges":[{"address":["sourcecred","git","HAS_PARENT","2","COMMIT","0a223346b4e6dec0127b1e6aa892c4ee0424b66a","2","COMMIT","ec91adb718a6045b492303f00d8e8beb957dc780"],"dstIndex":4,"srcIndex":0},{"address":["sourcecred","git","HAS_PARENT","2","COMMIT","0a223346b4e6dec0127b1e6aa892c4ee0424b66a","2","COMMIT","ecc889dc94cf6da17ae6eab5bb7b7155f577519d"],"dstIndex":5,"srcIndex":0},{"address":["sourcecred","git","HAS_PARENT","2","COMMIT","6bd1b4c0b719c22c688a74863be07a699b7b9b34","2","COMMIT","c430bd74455105f77215ece51945094ceeee6c86"],"dstIndex":3,"srcIndex":1},{"address":["sourcecred","git","HAS_PARENT","2","COMMIT","6d5b3aa31ebb68a06ceb46bbd6cf49b6ccd6f5e6","2","COMMIT","0a223346b4e6dec0127b1e6aa892c4ee0424b66a"],"dstIndex":0,"srcIndex":2},{"address":["sourcecred","git","HAS_PARENT","2","COMMIT","c430bd74455105f77215ece51945094ceeee6c86","2","COMMIT","6d5b3aa31ebb68a06ceb46bbd6cf49b6ccd6f5e6"],"dstIndex":2,"srcIndex":3},{"address":["sourcecred","git","HAS_PARENT","2","COMMIT","ecc889dc94cf6da17ae6eab5bb7b7155f577519d","2","COMMIT","ec91adb718a6045b492303f00d8e8beb957dc780"],"dstIndex":4,"srcIndex":5},{"address":["sourcecred","github","AUTHORS","5","sourcecred","github","USERLIKE","BOT","credbot","4","sourcecred","github","COMMIT","MDY6Q29tbWl0MTIzMjU1MDA2OmM0MzBiZDc0NDU1MTA1Zjc3MjE1ZWNlNTE5NDUwOTRjZWVlZTZjODY="],"dstIndex":28,"srcIndex":47},{"address":["sourcecred","github","AUTHORS","5","sourcecred","github","USERLIKE","BOT","credbot","8","sourcecred","github","COMMENT","ISSUE","sourcecred","example-github","6","417104047"],"dstIndex":21,"srcIndex":47},{"address":["sourcecred","github","AUTHORS","5","sourcecred","github","USERLIKE","USER","decentralion","4","sourcecred","github","COMMIT","MDY6Q29tbWl0MTIzMjU1MDA2OjBhMjIzMzQ2YjRlNmRlYzAxMjdiMWU2YWE4OTJjNGVlMDQyNGI2NmE="],"dstIndex":25,"srcIndex":48},{"address":["sourcecred","github","AUTHORS","5","sourcecred","github","USERLIKE","USER","decentralion","4","sourcecred","github","COMMIT","MDY6Q29tbWl0MTIzMjU1MDA2OjZkNWIzYWEzMWViYjY4YTA2Y2ViNDZiYmQ2Y2Y0OWI2Y2NkNmY1ZTY="],"dstIndex":27,"srcIndex":48},{"address":["sourcecred","github","AUTHORS","5","sourcecred","github","USERLIKE","USER","decentralion","4","sourcecred","github","COMMIT","MDY6Q29tbWl0MTIzMjU1MDA2OmVjOTFhZGI3MThhNjA0NWI0OTIzMDNmMDBkOGU4YmViOTU3ZGM3ODA="],"dstIndex":29,"srcIndex":48},{"address":["sourcecred","github","AUTHORS","5","sourcecred","github","USERLIKE","USER","decentralion","4","sourcecred","github","COMMIT","MDY6Q29tbWl0MTIzMjU1MDA2OmVjYzg4OWRjOTRjZjZkYTE3YWU2ZWFiNWJiN2I3MTU1ZjU3NzUxOWQ="],"dstIndex":30,"srcIndex":48},{"address":["sourcecred","github","AUTHORS","5","sourcecred","github","USERLIKE","USER","decentralion","6","sourcecred","github","ISSUE","sourcecred","example-github","1"],"dstIndex":31,"srcIndex":48},{"address":["sourcecred","github","AUTHORS","5","sourcecred","github","USERLIKE","USER","decentralion","6","sourcecred","github","ISSUE","sourcecred","example-github","10"],"dstIndex":32,"srcIndex":48},{"address":["sourcecred","github","AUTHORS","5","sourcecred","github","USERLIKE","USER","decentralion","6","sourcecred","github","ISSUE","sourcecred","example-github","12"],"dstIndex":34,"srcIndex":48},{"address":["sourcecred","github","AUTHORS","5","sourcecred","github","USERLIKE","USER","decentralion","6","sourcecred","github","ISSUE","sourcecred","example-github","13"],"dstIndex":35,"srcIndex":48},{"address":["sourcecred","github","AUTHORS","5","sourcecred","github","USERLIKE","USER","decentralion","6","sourcecred","github","ISSUE","sourcecred","example-github","2"],"dstIndex":36,"srcIndex":48},{"address":["sourcecred","github","AUTHORS","5","sourcecred","github","USERLIKE","USER","decentralion","6","sourcecred","github","ISSUE","sourcecred","example-github","4"],"dstIndex":37,"srcIndex":48},{"address":["sourcecred","github","AUTHORS","5","sourcecred","github","USERLIKE","USER","decentralion","6","sourcecred","github","ISSUE","sourcecred","example-github","6"],"dstIndex":38,"srcIndex":48},{"address":["sourcecred","github","AUTHORS","5","sourcecred","github","USERLIKE","USER","decentralion","6","sourcecred","github","ISSUE","sourcecred","example-github","7"],"dstIndex":39,"srcIndex":48},{"address":["sourcecred","github","AUTHORS","5","sourcecred","github","USERLIKE","USER","decentralion","6","sourcecred","github","ISSUE","sourcecred","example-github","8"],"dstIndex":40,"srcIndex":48},{"address":["sourcecred","github","AUTHORS","5","sourcecred","github","USERLIKE","USER","decentralion","6","sourcecred","github","PULL","sourcecred","example-github","3"],"dstIndex":41,"srcIndex":48},{"address":["sourcecred","github","AUTHORS","5","sourcecred","github","USERLIKE","USER","decentralion","6","sourcecred","github","PULL","sourcecred","example-github","5"],"dstIndex":42,"srcIndex":48},{"address":["sourcecred","github","AUTHORS","5","sourcecred","github","USERLIKE","USER","decentralion","6","sourcecred","github","PULL","sourcecred","example-github","9"],"dstIndex":43,"srcIndex":48},{"address":["sourcecred","github","AUTHORS","5","sourcecred","github","USERLIKE","USER","decentralion","8","sourcecred","github","COMMENT","ISSUE","sourcecred","example-github","11","420813621"],"dstIndex":9,"srcIndex":48},{"address":["sourcecred","github","AUTHORS","5","sourcecred","github","USERLIKE","USER","decentralion","8","sourcecred","github","COMMENT","ISSUE","sourcecred","example-github","2","373768703"],"dstIndex":10,"srcIndex":48},{"address":["sourcecred","github","AUTHORS","5","sourcecred","github","USERLIKE","USER","decentralion","8","sourcecred","github","COMMENT","ISSUE","sourcecred","example-github","2","373768850"],"dstIndex":11,"srcIndex":48},{"address":["sourcecred","github","AUTHORS","5","sourcecred","github","USERLIKE","USER","decentralion","8","sourcecred","github","COMMENT","ISSUE","sourcecred","example-github","2","385576185"],"dstIndex":12,"srcIndex":48},{"address":["sourcecred","github","AUTHORS","5","sourcecred","github","USERLIKE","USER","decentralion","8","sourcecred","github","COMMENT","ISSUE","sourcecred","example-github","2","385576220"],"dstIndex":13,"srcIndex":48},{"address":["sourcecred","github","AUTHORS","5","sourcecred","github","USERLIKE","USER","decentralion","8","sourcecred","github","COMMENT","ISSUE","sourcecred","example-github","2","385576248"],"dstIndex":14,"srcIndex":48},{"address":["sourcecred","github","AUTHORS","5","sourcecred","github","USERLIKE","USER","decentralion","8","sourcecred","github","COMMENT","ISSUE","sourcecred","example-github","2","385576273"],"dstIndex":15,"srcIndex":48},{"address":["sourcecred","github","AUTHORS","5","sourcecred","github","USERLIKE","USER","decentralion","8","sourcecred","github","COMMENT","ISSUE","sourcecred","example-github","2","385576920"],"dstIndex":16,"srcIndex":48},{"address":["sourcecred","github","AUTHORS","5","sourcecred","github","USERLIKE","USER","decentralion","8","sourcecred","github","COMMENT","ISSUE","sourcecred","example-github","2","385576936"],"dstIndex":17,"srcIndex":48},{"address":["sourcecred","github","AUTHORS","5","sourcecred","github","USERLIKE","USER","decentralion","8","sourcecred","github","COMMENT","ISSUE","sourcecred","example-github","6","373768442"],"dstIndex":18,"srcIndex":48},{"address":["sourcecred","github","AUTHORS","5","sourcecred","github","USERLIKE","USER","decentralion","8","sourcecred","github","COMMENT","ISSUE","sourcecred","example-github","6","373768538"],"dstIndex":19,"srcIndex":48},{"address":["sourcecred","github","AUTHORS","5","sourcecred","github","USERLIKE","USER","decentralion","8","sourcecred","github","COMMENT","ISSUE","sourcecred","example-github","6","385223316"],"dstIndex":20,"srcIndex":48},{"address":["sourcecred","github","AUTHORS","5","sourcecred","github","USERLIKE","USER","decentralion","8","sourcecred","github","COMMENT","PULL","sourcecred","example-github","3","369162222"],"dstIndex":22,"srcIndex":48},{"address":["sourcecred","github","AUTHORS","5","sourcecred","github","USERLIKE","USER","wchargin","6","sourcecred","github","ISSUE","sourcecred","example-github","10"],"dstIndex":32,"srcIndex":49},{"address":["sourcecred","github","AUTHORS","5","sourcecred","github","USERLIKE","USER","wchargin","6","sourcecred","github","ISSUE","sourcecred","example-github","11"],"dstIndex":33,"srcIndex":49},{"address":["sourcecred","github","AUTHORS","5","sourcecred","github","USERLIKE","USER","wchargin","6","sourcecred","github","PULL","sourcecred","example-github","9"],"dstIndex":43,"srcIndex":49},{"address":["sourcecred","github","AUTHORS","5","sourcecred","github","USERLIKE","USER","wchargin","7","sourcecred","github","REVIEW","sourcecred","example-github","5","100313899"],"dstIndex":45,"srcIndex":49},{"address":["sourcecred","github","AUTHORS","5","sourcecred","github","USERLIKE","USER","wchargin","7","sourcecred","github","REVIEW","sourcecred","example-github","5","100314038"],"dstIndex":46,"srcIndex":49},{"address":["sourcecred","github","AUTHORS","5","sourcecred","github","USERLIKE","USER","wchargin","8","sourcecred","github","COMMENT","ISSUE","sourcecred","example-github","11","420813013"],"dstIndex":7,"srcIndex":49},{"address":["sourcecred","github","AUTHORS","5","sourcecred","github","USERLIKE","USER","wchargin","8","sourcecred","github","COMMENT","PULL","sourcecred","example-github","5","396430464"],"dstIndex":23,"srcIndex":49},{"address":["sourcecred","github","AUTHORS","5","sourcecred","github","USERLIKE","USER","wchargin","9","sourcecred","github","COMMENT","REVIEW","sourcecred","example-github","5","100313899","171460198"],"dstIndex":24,"srcIndex":49},{"address":["sourcecred","github","CORRESPONDS_TO_COMMIT_TYPE","4","sourcecred","github","COMMIT","MDY6Q29tbWl0MTIzMjU1MDA2OjBhMjIzMzQ2YjRlNmRlYzAxMjdiMWU2YWE4OTJjNGVlMDQyNGI2NmE="],"dstIndex":0,"srcIndex":25},{"address":["sourcecred","github","CORRESPONDS_TO_COMMIT_TYPE","4","sourcecred","github","COMMIT","MDY6Q29tbWl0MTIzMjU1MDA2OjZiZDFiNGMwYjcxOWMyMmM2ODhhNzQ4NjNiZTA3YTY5OWI3YjliMzQ="],"dstIndex":1,"srcIndex":26},{"address":["sourcecred","github","CORRESPONDS_TO_COMMIT_TYPE","4","sourcecred","github","COMMIT","MDY6Q29tbWl0MTIzMjU1MDA2OjZkNWIzYWEzMWViYjY4YTA2Y2ViNDZiYmQ2Y2Y0OWI2Y2NkNmY1ZTY="],"dstIndex":2,"srcIndex":27},{"address":["sourcecred","github","CORRESPONDS_TO_COMMIT_TYPE","4","sourcecred","github","COMMIT","MDY6Q29tbWl0MTIzMjU1MDA2OmM0MzBiZDc0NDU1MTA1Zjc3MjE1ZWNlNTE5NDUwOTRjZWVlZTZjODY="],"dstIndex":3,"srcIndex":28},{"address":["sourcecred","github","CORRESPONDS_TO_COMMIT_TYPE","4","sourcecred","github","COMMIT","MDY6Q29tbWl0MTIzMjU1MDA2OmVjOTFhZGI3MThhNjA0NWI0OTIzMDNmMDBkOGU4YmViOTU3ZGM3ODA="],"dstIndex":4,"srcIndex":29},{"address":["sourcecred","github","CORRESPONDS_TO_COMMIT_TYPE","4","sourcecred","github","COMMIT","MDY6Q29tbWl0MTIzMjU1MDA2OmVjYzg4OWRjOTRjZjZkYTE3YWU2ZWFiNWJiN2I3MTU1ZjU3NzUxOWQ="],"dstIndex":5,"srcIndex":30},{"address":["sourcecred","github","HAS_PARENT","6","sourcecred","github","ISSUE","sourcecred","example-github","1"],"dstIndex":44,"srcIndex":31},{"address":["sourcecred","github","HAS_PARENT","6","sourcecred","github","ISSUE","sourcecred","example-github","10"],"dstIndex":44,"srcIndex":32},{"address":["sourcecred","github","HAS_PARENT","6","sourcecred","github","ISSUE","sourcecred","example-github","11"],"dstIndex":44,"srcIndex":33},{"address":["sourcecred","github","HAS_PARENT","6","sourcecred","github","ISSUE","sourcecred","example-github","12"],"dstIndex":44,"srcIndex":34},{"address":["sourcecred","github","HAS_PARENT","6","sourcecred","github","ISSUE","sourcecred","example-github","13"],"dstIndex":44,"srcIndex":35},{"address":["sourcecred","github","HAS_PARENT","6","sourcecred","github","ISSUE","sourcecred","example-github","2"],"dstIndex":44,"srcIndex":36},{"address":["sourcecred","github","HAS_PARENT","6","sourcecred","github","ISSUE","sourcecred","example-github","4"],"dstIndex":44,"srcIndex":37},{"address":["sourcecred","github","HAS_PARENT","6","sourcecred","github","ISSUE","sourcecred","example-github","6"],"dstIndex":44,"srcIndex":38},{"address":["sourcecred","github","HAS_PARENT","6","sourcecred","github","ISSUE","sourcecred","example-github","7"],"dstIndex":44,"srcIndex":39},{"address":["sourcecred","github","HAS_PARENT","6","sourcecred","github","ISSUE","sourcecred","example-github","8"],"dstIndex":44,"srcIndex":40},{"address":["sourcecred","github","HAS_PARENT","6","sourcecred","github","PULL","sourcecred","example-github","3"],"dstIndex":44,"srcIndex":41},{"address":["sourcecred","github","HAS_PARENT","6","sourcecred","github","PULL","sourcecred","example-github","5"],"dstIndex":44,"srcIndex":42},{"address":["sourcecred","github","HAS_PARENT","6","sourcecred","github","PULL","sourcecred","example-github","9"],"dstIndex":44,"srcIndex":43},{"address":["sourcecred","github","HAS_PARENT","7","sourcecred","github","REVIEW","sourcecred","example-github","5","100313899"],"dstIndex":42,"srcIndex":45},{"address":["sourcecred","github","HAS_PARENT","7","sourcecred","github","REVIEW","sourcecred","example-github","5","100314038"],"dstIndex":42,"srcIndex":46},{"address":["sourcecred","github","HAS_PARENT","8","sourcecred","github","COMMENT","ISSUE","sourcecred","example-github","11","420811872"],"dstIndex":33,"srcIndex":6},{"address":["sourcecred","github","HAS_PARENT","8","sourcecred","github","COMMENT","ISSUE","sourcecred","example-github","11","420813013"],"dstIndex":33,"srcIndex":7},{"address":["sourcecred","github","HAS_PARENT","8","sourcecred","github","COMMENT","ISSUE","sourcecred","example-github","11","420813206"],"dstIndex":33,"srcIndex":8},{"address":["sourcecred","github","HAS_PARENT","8","sourcecred","github","COMMENT","ISSUE","sourcecred","example-github","11","420813621"],"dstIndex":33,"srcIndex":9},{"address":["sourcecred","github","HAS_PARENT","8","sourcecred","github","COMMENT","ISSUE","sourcecred","example-github","2","373768703"],"dstIndex":36,"srcIndex":10},{"address":["sourcecred","github","HAS_PARENT","8","sourcecred","github","COMMENT","ISSUE","sourcecred","example-github","2","373768850"],"dstIndex":36,"srcIndex":11},{"address":["sourcecred","github","HAS_PARENT","8","sourcecred","github","COMMENT","ISSUE","sourcecred","example-github","2","385576185"],"dstIndex":36,"srcIndex":12},{"address":["sourcecred","github","HAS_PARENT","8","sourcecred","github","COMMENT","ISSUE","sourcecred","example-github","2","385576220"],"dstIndex":36,"srcIndex":13},{"address":["sourcecred","github","HAS_PARENT","8","sourcecred","github","COMMENT","ISSUE","sourcecred","example-github","2","385576248"],"dstIndex":36,"srcIndex":14},{"address":["sourcecred","github","HAS_PARENT","8","sourcecred","github","COMMENT","ISSUE","sourcecred","example-github","2","385576273"],"dstIndex":36,"srcIndex":15},{"address":["sourcecred","github","HAS_PARENT","8","sourcecred","github","COMMENT","ISSUE","sourcecred","example-github","2","385576920"],"dstIndex":36,"srcIndex":16},{"address":["sourcecred","github","HAS_PARENT","8","sourcecred","github","COMMENT","ISSUE","sourcecred","example-github","2","385576936"],"dstIndex":36,"srcIndex":17},{"address":["sourcecred","github","HAS_PARENT","8","sourcecred","github","COMMENT","ISSUE","sourcecred","example-github","6","373768442"],"dstIndex":38,"srcIndex":18},{"address":["sourcecred","github","HAS_PARENT","8","sourcecred","github","COMMENT","ISSUE","sourcecred","example-github","6","373768538"],"dstIndex":38,"srcIndex":19},{"address":["sourcecred","github","HAS_PARENT","8","sourcecred","github","COMMENT","ISSUE","sourcecred","example-github","6","385223316"],"dstIndex":38,"srcIndex":20},{"address":["sourcecred","github","HAS_PARENT","8","sourcecred","github","COMMENT","ISSUE","sourcecred","example-github","6","417104047"],"dstIndex":38,"srcIndex":21},{"address":["sourcecred","github","HAS_PARENT","8","sourcecred","github","COMMENT","PULL","sourcecred","example-github","3","369162222"],"dstIndex":41,"srcIndex":22},{"address":["sourcecred","github","HAS_PARENT","8","sourcecred","github","COMMENT","PULL","sourcecred","example-github","5","396430464"],"dstIndex":42,"srcIndex":23},{"address":["sourcecred","github","HAS_PARENT","9","sourcecred","github","COMMENT","REVIEW","sourcecred","example-github","5","100313899","171460198"],"dstIndex":45,"srcIndex":24},{"address":["sourcecred","github","MENTIONS_AUTHOR","6","sourcecred","github","PULL","sourcecred","example-github","5","8","sourcecred","github","COMMENT","PULL","sourcecred","example-github","5","396430464","5","sourcecred","github","USERLIKE","USER","wchargin"],"dstIndex":23,"srcIndex":42},{"address":["sourcecred","github","MERGED_AS","6","sourcecred","github","PULL","sourcecred","example-github","3"],"dstIndex":25,"srcIndex":41},{"address":["sourcecred","github","MERGED_AS","6","sourcecred","github","PULL","sourcecred","example-github","5"],"dstIndex":27,"srcIndex":42},{"address":["sourcecred","github","REACTS","HEART","5","sourcecred","github","USERLIKE","USER","decentralion","6","sourcecred","github","ISSUE","sourcecred","example-github","1"],"dstIndex":31,"srcIndex":48},{"address":["sourcecred","github","REACTS","HEART","5","sourcecred","github","USERLIKE","USER","decentralion","6","sourcecred","github","ISSUE","sourcecred","example-github","13"],"dstIndex":35,"srcIndex":48},{"address":["sourcecred","github","REACTS","HEART","5","sourcecred","github","USERLIKE","USER","decentralion","6","sourcecred","github","PULL","sourcecred","example-github","9"],"dstIndex":43,"srcIndex":48},{"address":["sourcecred","github","REACTS","HEART","5","sourcecred","github","USERLIKE","USER","decentralion","8","sourcecred","github","COMMENT","PULL","sourcecred","example-github","5","396430464"],"dstIndex":23,"srcIndex":48},{"address":["sourcecred","github","REACTS","HEART","5","sourcecred","github","USERLIKE","USER","decentralion","9","sourcecred","github","COMMENT","REVIEW","sourcecred","example-github","5","100313899","171460198"],"dstIndex":24,"srcIndex":48},{"address":["sourcecred","github","REACTS","HEART","5","sourcecred","github","USERLIKE","USER","wchargin","9","sourcecred","github","COMMENT","REVIEW","sourcecred","example-github","5","100313899","171460198"],"dstIndex":24,"srcIndex":49},{"address":["sourcecred","github","REACTS","HOORAY","5","sourcecred","github","USERLIKE","USER","decentralion","6","sourcecred","github","ISSUE","sourcecred","example-github","13"],"dstIndex":35,"srcIndex":48},{"address":["sourcecred","github","REACTS","HOORAY","5","sourcecred","github","USERLIKE","USER","decentralion","8","sourcecred","github","COMMENT","ISSUE","sourcecred","example-github","11","420813206"],"dstIndex":8,"srcIndex":48},{"address":["sourcecred","github","REACTS","HOORAY","5","sourcecred","github","USERLIKE","USER","decentralion","9","sourcecred","github","COMMENT","REVIEW","sourcecred","example-github","5","100313899","171460198"],"dstIndex":24,"srcIndex":48},{"address":["sourcecred","github","REACTS","HOORAY","5","sourcecred","github","USERLIKE","USER","wchargin","9","sourcecred","github","COMMENT","REVIEW","sourcecred","example-github","5","100313899","171460198"],"dstIndex":24,"srcIndex":49},{"address":["sourcecred","github","REACTS","ROCKET","5","sourcecred","github","USERLIKE","USER","decentralion","6","sourcecred","github","ISSUE","sourcecred","example-github","13"],"dstIndex":35,"srcIndex":48},{"address":["sourcecred","github","REACTS","THUMBS_UP","5","sourcecred","github","USERLIKE","USER","decentralion","6","sourcecred","github","ISSUE","sourcecred","example-github","12"],"dstIndex":34,"srcIndex":48},{"address":["sourcecred","github","REACTS","THUMBS_UP","5","sourcecred","github","USERLIKE","USER","decentralion","6","sourcecred","github","ISSUE","sourcecred","example-github","13"],"dstIndex":35,"srcIndex":48},{"address":["sourcecred","github","REACTS","THUMBS_UP","5","sourcecred","github","USERLIKE","USER","decentralion","6","sourcecred","github","PULL","sourcecred","example-github","9"],"dstIndex":43,"srcIndex":48},{"address":["sourcecred","github","REACTS","THUMBS_UP","5","sourcecred","github","USERLIKE","USER","decentralion","8","sourcecred","github","COMMENT","ISSUE","sourcecred","example-github","11","420813206"],"dstIndex":8,"srcIndex":48},{"address":["sourcecred","github","REACTS","THUMBS_UP","5","sourcecred","github","USERLIKE","USER","decentralion","9","sourcecred","github","COMMENT","REVIEW","sourcecred","example-github","5","100313899","171460198"],"dstIndex":24,"srcIndex":48},{"address":["sourcecred","github","REACTS","THUMBS_UP","5","sourcecred","github","USERLIKE","USER","wchargin","9","sourcecred","github","COMMENT","REVIEW","sourcecred","example-github","5","100313899","171460198"],"dstIndex":24,"srcIndex":49},{"address":["sourcecred","github","REFERENCES","4","sourcecred","github","COMMIT","MDY6Q29tbWl0MTIzMjU1MDA2OjBhMjIzMzQ2YjRlNmRlYzAxMjdiMWU2YWE4OTJjNGVlMDQyNGI2NmE=","6","sourcecred","github","PULL","sourcecred","example-github","3"],"dstIndex":41,"srcIndex":25},{"address":["sourcecred","github","REFERENCES","4","sourcecred","github","COMMIT","MDY6Q29tbWl0MTIzMjU1MDA2OjZiZDFiNGMwYjcxOWMyMmM2ODhhNzQ4NjNiZTA3YTY5OWI3YjliMzQ=","5","sourcecred","github","USERLIKE","USER","wchargin"],"dstIndex":49,"srcIndex":26},{"address":["sourcecred","github","REFERENCES","4","sourcecred","github","COMMIT","MDY6Q29tbWl0MTIzMjU1MDA2OjZkNWIzYWEzMWViYjY4YTA2Y2ViNDZiYmQ2Y2Y0OWI2Y2NkNmY1ZTY=","6","sourcecred","github","PULL","sourcecred","example-github","5"],"dstIndex":42,"srcIndex":27},{"address":["sourcecred","github","REFERENCES","4","sourcecred","github","COMMIT","MDY6Q29tbWl0MTIzMjU1MDA2OmM0MzBiZDc0NDU1MTA1Zjc3MjE1ZWNlNTE5NDUwOTRjZWVlZTZjODY=","5","sourcecred","github","USERLIKE","USER","wchargin"],"dstIndex":49,"srcIndex":28},{"address":["sourcecred","github","REFERENCES","6","sourcecred","github","ISSUE","sourcecred","example-github","10","6","sourcecred","github","ISSUE","sourcecred","example-github","10"],"dstIndex":32,"srcIndex":32},{"address":["sourcecred","github","REFERENCES","6","sourcecred","github","ISSUE","sourcecred","example-github","10","6","sourcecred","github","ISSUE","sourcecred","example-github","2"],"dstIndex":36,"srcIndex":32},{"address":["sourcecred","github","REFERENCES","6","sourcecred","github","ISSUE","sourcecred","example-github","12","4","sourcecred","github","COMMIT","MDY6Q29tbWl0MTIzMjU1MDA2OmVjOTFhZGI3MThhNjA0NWI0OTIzMDNmMDBkOGU4YmViOTU3ZGM3ODA="],"dstIndex":29,"srcIndex":34},{"address":["sourcecred","github","REFERENCES","6","sourcecred","github","ISSUE","sourcecred","example-github","12","4","sourcecred","github","COMMIT","MDY6Q29tbWl0MTIzMjU1MDA2OmVjYzg4OWRjOTRjZjZkYTE3YWU2ZWFiNWJiN2I3MTU1ZjU3NzUxOWQ="],"dstIndex":30,"srcIndex":34},{"address":["sourcecred","github","REFERENCES","6","sourcecred","github","ISSUE","sourcecred","example-github","2","6","sourcecred","github","ISSUE","sourcecred","example-github","1"],"dstIndex":31,"srcIndex":36},{"address":["sourcecred","github","REFERENCES","6","sourcecred","github","PULL","sourcecred","example-github","5","5","sourcecred","github","USERLIKE","USER","wchargin"],"dstIndex":49,"srcIndex":42},{"address":["sourcecred","github","REFERENCES","8","sourcecred","github","COMMENT","ISSUE","sourcecred","example-github","2","373768703","6","sourcecred","github","ISSUE","sourcecred","example-github","6"],"dstIndex":38,"srcIndex":10},{"address":["sourcecred","github","REFERENCES","8","sourcecred","github","COMMENT","ISSUE","sourcecred","example-github","2","373768850","8","sourcecred","github","COMMENT","ISSUE","sourcecred","example-github","6","373768538"],"dstIndex":19,"srcIndex":11},{"address":["sourcecred","github","REFERENCES","8","sourcecred","github","COMMENT","ISSUE","sourcecred","example-github","2","385576185","6","sourcecred","github","PULL","sourcecred","example-github","5"],"dstIndex":42,"srcIndex":12},{"address":["sourcecred","github","REFERENCES","8","sourcecred","github","COMMENT","ISSUE","sourcecred","example-github","2","385576220","7","sourcecred","github","REVIEW","sourcecred","example-github","5","100313899"],"dstIndex":45,"srcIndex":13},{"address":["sourcecred","github","REFERENCES","8","sourcecred","github","COMMENT","ISSUE","sourcecred","example-github","2","385576248","9","sourcecred","github","COMMENT","REVIEW","sourcecred","example-github","5","100313899","171460198"],"dstIndex":24,"srcIndex":14},{"address":["sourcecred","github","REFERENCES","8","sourcecred","github","COMMENT","ISSUE","sourcecred","example-github","2","385576273","5","sourcecred","github","USERLIKE","USER","wchargin"],"dstIndex":49,"srcIndex":15},{"address":["sourcecred","github","REFERENCES","8","sourcecred","github","COMMENT","ISSUE","sourcecred","example-github","2","385576920","6","sourcecred","github","ISSUE","sourcecred","example-github","1"],"dstIndex":31,"srcIndex":16},{"address":["sourcecred","github","REFERENCES","8","sourcecred","github","COMMENT","ISSUE","sourcecred","example-github","2","385576920","6","sourcecred","github","ISSUE","sourcecred","example-github","2"],"dstIndex":36,"srcIndex":16},{"address":["sourcecred","github","REFERENCES","8","sourcecred","github","COMMENT","ISSUE","sourcecred","example-github","2","385576920","6","sourcecred","github","PULL","sourcecred","example-github","3"],"dstIndex":41,"srcIndex":16},{"address":["sourcecred","github","REFERENCES","8","sourcecred","github","COMMENT","ISSUE","sourcecred","example-github","2","385576920","7","sourcecred","github","REVIEW","sourcecred","example-github","5","100313899"],"dstIndex":45,"srcIndex":16},{"address":["sourcecred","github","REFERENCES","8","sourcecred","github","COMMENT","ISSUE","sourcecred","example-github","2","385576920","9","sourcecred","github","COMMENT","REVIEW","sourcecred","example-github","5","100313899","171460198"],"dstIndex":24,"srcIndex":16},{"address":["sourcecred","github","REFERENCES","8","sourcecred","github","COMMENT","ISSUE","sourcecred","example-github","6","385223316","6","sourcecred","github","ISSUE","sourcecred","example-github","2"],"dstIndex":36,"srcIndex":20},{"address":["sourcecred","github","REFERENCES","8","sourcecred","github","COMMENT","PULL","sourcecred","example-github","3","369162222","6","sourcecred","github","ISSUE","sourcecred","example-github","2"],"dstIndex":36,"srcIndex":22}],"nodes":[{"index":0},{"index":1},{"index":2},{"index":3},{"index":4},{"index":5},{"index":6},{"index":7},{"index":8},{"index":9},{"index":10},{"index":11},{"index":12},{"index":13},{"index":14},{"index":15},{"index":16},{"index":17},{"index":18},{"index":19},{"index":20},{"index":21},{"index":22},{"index":23},{"index":24},{"index":25},{"index":26},{"index":27},{"index":28},{"index":29},{"index":30},{"index":31},{"index":32},{"index":33},{"index":34},{"index":35},{"index":36},{"index":37},{"index":38},{"index":39},{"index":40},{"index":41},{"index":42},{"index":43},{"index":44},{"index":45},{"index":46},{"index":47},{"index":48},{"index":49}],"sortedNodeAddresses":[["sourcecred","git","COMMIT","0a223346b4e6dec0127b1e6aa892c4ee0424b66a"],["sourcecred","git","COMMIT","6bd1b4c0b719c22c688a74863be07a699b7b9b34"],["sourcecred","git","COMMIT","6d5b3aa31ebb68a06ceb46bbd6cf49b6ccd6f5e6"],["sourcecred","git","COMMIT","c430bd74455105f77215ece51945094ceeee6c86"],["sourcecred","git","COMMIT","ec91adb718a6045b492303f00d8e8beb957dc780"],["sourcecred","git","COMMIT","ecc889dc94cf6da17ae6eab5bb7b7155f577519d"],["sourcecred","github","COMMENT","ISSUE","sourcecred","example-github","11","420811872"],["sourcecred","github","COMMENT","ISSUE","sourcecred","example-github","11","420813013"],["sourcecred","github","COMMENT","ISSUE","sourcecred","example-github","11","420813206"],["sourcecred","github","COMMENT","ISSUE","sourcecred","example-github","11","420813621"],["sourcecred","github","COMMENT","ISSUE","sourcecred","example-github","2","373768703"],["sourcecred","github","COMMENT","ISSUE","sourcecred","example-github","2","373768850"],["sourcecred","github","COMMENT","ISSUE","sourcecred","example-github","2","385576185"],["sourcecred","github","COMMENT","ISSUE","sourcecred","example-github","2","385576220"],["sourcecred","github","COMMENT","ISSUE","sourcecred","example-github","2","385576248"],["sourcecred","github","COMMENT","ISSUE","sourcecred","example-github","2","385576273"],["sourcecred","github","COMMENT","ISSUE","sourcecred","example-github","2","385576920"],["sourcecred","github","COMMENT","ISSUE","sourcecred","example-github","2","385576936"],["sourcecred","github","COMMENT","ISSUE","sourcecred","example-github","6","373768442"],["sourcecred","github","COMMENT","ISSUE","sourcecred","example-github","6","373768538"],["sourcecred","github","COMMENT","ISSUE","sourcecred","example-github","6","385223316"],["sourcecred","github","COMMENT","ISSUE","sourcecred","example-github","6","417104047"],["sourcecred","github","COMMENT","PULL","sourcecred","example-github","3","369162222"],["sourcecred","github","COMMENT","PULL","sourcecred","example-github","5","396430464"],["sourcecred","github","COMMENT","REVIEW","sourcecred","example-github","5","100313899","171460198"],["sourcecred","github","COMMIT","MDY6Q29tbWl0MTIzMjU1MDA2OjBhMjIzMzQ2YjRlNmRlYzAxMjdiMWU2YWE4OTJjNGVlMDQyNGI2NmE="],["sourcecred","github","COMMIT","MDY6Q29tbWl0MTIzMjU1MDA2OjZiZDFiNGMwYjcxOWMyMmM2ODhhNzQ4NjNiZTA3YTY5OWI3YjliMzQ="],["sourcecred","github","COMMIT","MDY6Q29tbWl0MTIzMjU1MDA2OjZkNWIzYWEzMWViYjY4YTA2Y2ViNDZiYmQ2Y2Y0OWI2Y2NkNmY1ZTY="],["sourcecred","github","COMMIT","MDY6Q29tbWl0MTIzMjU1MDA2OmM0MzBiZDc0NDU1MTA1Zjc3MjE1ZWNlNTE5NDUwOTRjZWVlZTZjODY="],["sourcecred","github","COMMIT","MDY6Q29tbWl0MTIzMjU1MDA2OmVjOTFhZGI3MThhNjA0NWI0OTIzMDNmMDBkOGU4YmViOTU3ZGM3ODA="],["sourcecred","github","COMMIT","MDY6Q29tbWl0MTIzMjU1MDA2OmVjYzg4OWRjOTRjZjZkYTE3YWU2ZWFiNWJiN2I3MTU1ZjU3NzUxOWQ="],["sourcecred","github","ISSUE","sourcecred","example-github","1"],["sourcecred","github","ISSUE","sourcecred","example-github","10"],["sourcecred","github","ISSUE","sourcecred","example-github","11"],["sourcecred","github","ISSUE","sourcecred","example-github","12"],["sourcecred","github","ISSUE","sourcecred","example-github","13"],["sourcecred","github","ISSUE","sourcecred","example-github","2"],["sourcecred","github","ISSUE","sourcecred","example-github","4"],["sourcecred","github","ISSUE","sourcecred","example-github","6"],["sourcecred","github","ISSUE","sourcecred","example-github","7"],["sourcecred","github","ISSUE","sourcecred","example-github","8"],["sourcecred","github","PULL","sourcecred","example-github","3"],["sourcecred","github","PULL","sourcecred","example-github","5"],["sourcecred","github","PULL","sourcecred","example-github","9"],["sourcecred","github","REPO","sourcecred","example-github"],["sourcecred","github","REVIEW","sourcecred","example-github","5","100313899"],["sourcecred","github","REVIEW","sourcecred","example-github","5","100314038"],["sourcecred","github","USERLIKE","BOT","credbot"],["sourcecred","github","USERLIKE","USER","decentralion"],["sourcecred","github","USERLIKE","USER","wchargin"]]}],"scores":[0.015979570860160434,0.003270448110432993,0.008322689385414835,0.006358218709817499,0.014381715262507568,0.014381715262507568,0.001307964551655821,0.0034180314613932615,0.006159065562134632,0.001792775956508242,0.0012738373746395823,0.0012739010537241129,0.0012737645985429697,0.0012739010537241129,0.0012739010537241129,0.0012739010537241129,0.0012736806261237927,0.0012740071855316523,0.001366995828347641,0.001685497382773213,0.0013668136231272032,0.000990153832353218,0.0022522154677408505,0.015361487759738487,0.04004931826525328,0.006301977523036958,0.001090166126426326,0.006673439529734364,0.0013798712884196453,0.006095469491496587,0.006095469491496587,0.02758015533268084,0.0267641810128188,0.031380707399669076,0.019132246952205872,0.03271235000874535,0.028396912257029276,0.01719348150369817,0.021163679777712493,0.01719348150369817,0.01719348150369817,0.04064867188354657,0.07465086438757786,0.0544643132809489,0.2595576433649108,0.02480719002565119,0.004372328653059505,0.00021629705406971155,0.0693370972528534,0.05696295211321166],"syntheticLoopWeight":0.001,"toWeights":[2,2,2,2,2,2,0.5,0.5,0.5,0.5,0.5,0.5,1,1,1,1,1,1,1,1,1,2,2,2,0.5,0.5,0.5,0.5,0.5,0.5,0.5,0.5,0.5,0.5,0.5,0.5,0.5,1,1,2,0.5,0.5,0.5,0.5,0.5,2,2,2,2,2,2,4,4,4,4,4,4,4,4,4,4,4,4,4,4,4,2,2,2,2,2,2,2,2,2,2,2,2,2,2,2,2,4,4,1,1,0.5,0.5,4,4,8,2,2,2,8,4,4,4,2,2,2,4,1,1,1,4,1,4,1,2,2,1,1,2,1,2,1,4,1,1,1,2,2,4,1,1,2,2]}]