{"N\u0000sourcecred\u0000git\u0000COMMIT\u00000a223346b4e6dec0127b1e6aa892c4ee0424b66a\u0000":1519807427000,"N\u0000sourcecred\u0000git\u0000COMMIT\u00006bd1b4c0b719c22c688a74863be07a699b7b9b34\u0000":1536806901000,"N\u0000sourcecred\u0000git\u0000COMMIT\u00006d5b3aa31ebb68a06ceb46bbd6cf49b6ccd6f5e6\u0000":1519878354000,"N\u0000sourcecred\u0000git\u0000COMMIT\u0000c430bd74455105f77215ece51945094ceeee6c86\u0000":1536788634000,"N\u0000sourcecred\u0000git\u0000COMMIT\u0000ec91adb718a6045b492303f00d8e8beb957dc780\u0000":1519807271000,"N\u0000sourcecred\u0000git\u0000COMMIT\u0000ecc889dc94cf6da17ae6eab5bb7b7155f577519d\u0000":1519807329000,"N\u0000sourcecred\u0000github\u0000COMMENT\u0000ISSUE\u0000sourcecred\u0000example-github\u000011\u0000420811872\u0000":1536789545000,"N\u0000sourcecred\u0000github\u0000COMMENT\u0000ISSUE\u0000sourcecred\u0000example-github\u000011\u0000420813013\u0000":1536789813000,"N\u0000sourcecred\u0000github\u0000COMMENT\u0000ISSUE\u0000sourcecred\u0000example-github\u000011\u0000420813206\u0000":1536789858000,"N\u0000sourcecred\u0000github\u0000COMMENT\u0000ISSUE\u0000sourcecred\u0000example-github\u000011\u0000420813621\u0000":1536789965000,"N\u0000sourcecred\u0000github\u0000COMMENT\u0000ISSUE\u0000sourcecred\u0000example-github\u00002\u0000373768703\u0000":1521217693000,"N\u0000sourcecred\u0000github\u0000COMMENT\u0000ISSUE\u0000sourcecred\u0000example-github\u00002\u0000373768850\u0000":1521217725000,"N\u0000sourcecred\u0000github\u0000COMMENT\u0000ISSUE\u0000sourcecred\u0000example-github\u00002\u0000385576185\u0000":1525137909000,"N\u0000sourcecred\u0000github\u0000COMMENT\u0000ISSUE\u0000sourcecred\u0000example-github\u00002\u0000385576220\u0000":1525137925000,"N\u0000sourcecred\u0000github\u0000COMMENT\u0000ISSUE\u0000sourcecred\u0000example-github\u00002\u0000385576248\u0000":1525137939000,"N\u0000sourcecred\u0000github\u0000COMMENT\u0000ISSUE\u0000sourcecred\u0000example-github\u00002\u0000385576273\u0000":1525137951000,"N\u0000sourcecred\u0000github\u0000COMMENT\u0000ISSUE\u0000sourcecred\u0000example-github\u00002\u0000385576920\u0000":1525138231000,"N\u0000sourcecred\u0000github\u0000COMMENT\u0000ISSUE\u0000sourcecred\u0000example-github\u00002\u0000385576936\u0000":1525138238000,"N\u0000sourcecred\u0000github\u0000COMMENT\u0000ISSUE\u0000sourcecred\u0000example-github\u00006\u0000373768442\u0000":1521217642000,"N\u0000sourcecred\u0000github\u0000COMMENT\u0000ISSUE\u0000sourcecred\u0000example-github\u00006\u0000373768538\u0000":1521217661000,"N\u0000sourcecred\u0000github\u0000COMMENT\u0000ISSUE\u0000sourcecred\u0000example-github\u00006\u0000385223316\u0000":1524973307000,"N\u0000sourcecred\u0000github\u0000COMMENT\u0000ISSUE\u0000sourcecred\u0000example-github\u00006\u0000417104047\u0000":1535576390000,"N\u0000sourcecred\u0000github\u0000COMMENT\u0000PULL\u0000sourcecred\u0000example-github\u00003\u0000369162222\u0000":1519807420000,"N\u0000sourcecred\u0000github\u0000COMMENT\u0000PULL\u0000sourcecred\u0000example-github\u00005\u0000396430464\u0000":1528764380000,"N\u0000sourcecred\u0000github\u0000COMMENT\u0000REVIEW\u0000sourcecred\u0000example-github\u00005\u0000100313899\u0000171460198\u0000":1519878210000,"N\u0000sourcecred\u0000github\u0000COMMIT\u0000MDY6Q29tbWl0MTIzMjU1MDA2OjBhMjIzMzQ2YjRlNmRlYzAxMjdiMWU2YWE4OTJjNGVlMDQyNGI2NmE=\u0000":null,"N\u0000sourcecred\u0000github\u0000COMMIT\u0000MDY6Q29tbWl0MTIzMjU1MDA2OjZiZDFiNGMwYjcxOWMyMmM2ODhhNzQ4NjNiZTA3YTY5OWI3YjliMzQ=\u0000":null,"N\u0000sourcecred\u0000github\u0000COMMIT\u0000MDY6Q29tbWl0MTIzMjU1MDA2OjZkNWIzYWEzMWViYjY4YTA2Y2ViNDZiYmQ2Y2Y0OWI2Y2NkNmY1ZTY=\u0000":null,"N\u0000sourcecred\u0000github\u0000COMMIT\u0000MDY6Q29tbWl0MTIzMjU1MDA2OmM0MzBiZDc0NDU1MTA1Zjc3MjE1ZWNlNTE5NDUwOTRjZWVlZTZjODY=\u0000":null,"N\u0000sourcecred\u0000github\u0000COMMIT\u0000MDY6Q29tbWl0MTIzMjU1MDA2OmVjOTFhZGI3MThhNjA0NWI0OTIzMDNmMDBkOGU4YmViOTU3ZGM3ODA=\u0000":null,"N\u0000sourcecred\u0000github\u0000COMMIT\u0000MDY6Q29tbWl0MTIzMjU1MDA2OmVjYzg4OWRjOTRjZjZkYTE3YWU2ZWFiNWJiN2I3MTU1ZjU3NzUxOWQ=\u0000":null,"N\u0000sourcecred\u0000github\u0000ISSUE\u0000sourcecred\u0000example-github\u00001\u0000":1519807088000,"N\u0000sourcecred\u0000github\u0000ISSUE\u0000sourcecred\u0000example-github\u000010\u0000":1530297021000,"N\u0000sourcecred\u0000github\u0000ISSUE\u0000sourcecred\u0000example-github\u000011\u0000":1536789479000,"N\u0000sourcecred\u0000github\u0000ISSUE\u0000sourcecred\u0000example-github\u000012\u0000":1536878086000,"N\u0000sourcecred\u0000github\u0000ISSUE\u0000sourcecred\u0000example-github\u000013\u0000":1536878137000,"N\u0000sourcecred\u0000github\u0000ISSUE\u0000sourcecred\u0000example-github\u00002\u0000":1519807129000,"N\u0000sourcecred\u0000github\u0000ISSUE\u0000sourcecred\u0000example-github\u00004\u0000":1519807454000,"N\u0000sourcecred\u0000github\u0000ISSUE\u0000sourcecred\u0000example-github\u00006\u0000":1521217624000,"N\u0000sourcecred\u0000github\u0000ISSUE\u0000sourcecred\u0000example-github\u00007\u0000":1521569949000,"N\u0000sourcecred\u0000github\u0000ISSUE\u0000sourcecred\u0000example-github\u00008\u0000":1521570243000,"N\u0000sourcecred\u0000github\u0000PULL\u0000sourcecred\u0000example-github\u00003\u0000":1519807399000,"N\u0000sourcecred\u0000github\u0000PULL\u0000sourcecred\u0000example-github\u00005\u0000":1519807636000,"N\u0000sourcecred\u0000github\u0000PULL\u0000sourcecred\u0000example-github\u00009\u0000":1525373595000,"N\u0000sourcecred\u0000github\u0000REPO\u0000sourcecred\u0000example-github\u0000":null,"N\u0000sourcecred\u0000github\u0000REVIEW\u0000sourcecred\u0000example-github\u00005\u0000100313899\u0000":1519878210000,"N\u0000sourcecred\u0000github\u0000REVIEW\u0000sourcecred\u0000example-github\u00005\u0000100314038\u0000":1519878296000,"N\u0000sourcecred\u0000github\u0000USERLIKE\u0000BOT\u0000credbot\u0000":null,"N\u0000sourcecred\u0000github\u0000USERLIKE\u0000USER\u0000decentralion\u0000":null,"N\u0000sourcecred\u0000github\u0000USERLIKE\u0000USER\u0000wchargin\u0000":null}