// Jest Snapshot v1, https://goo.gl/fbAQLP

exports[`analysis/pluginDeclaration to/fromJSON snapshots on an empty declaration 1`] = `"[[{\\"type\\":\\"sourcecred/pluginDeclarations\\",\\"version\\":\\"0.1.0\\"},{\\"edgePrefix\\":\\"E\\\\u0000\\",\\"edgeTypes\\":[],\\"name\\":\\"empty\\",\\"nodePrefix\\":\\"N\\\\u0000\\",\\"nodeTypes\\":[],\\"userTypes\\":[]}]]"`;

exports[`analysis/pluginDeclaration to/fromJSON snapshots on an non-empty declaration 1`] = `"[[{\\"type\\":\\"sourcecred/pluginDeclarations\\",\\"version\\":\\"0.1.0\\"},{\\"edgePrefix\\":\\"E\\\\u0000\\",\\"edgeTypes\\":[{\\"backwardName\\":\\"is pointed to\\",\\"defaultWeight\\":{\\"backwards\\":3,\\"forwards\\":2},\\"description\\":\\"a type\\",\\"forwardName\\":\\"points\\",\\"prefix\\":\\"E\\\\u0000edge\\\\u0000\\"}],\\"name\\":\\"non-empty\\",\\"nodePrefix\\":\\"N\\\\u0000\\",\\"nodeTypes\\":[{\\"defaultWeight\\":2,\\"description\\":\\"a type\\",\\"name\\":\\"node\\",\\"pluralName\\":\\"nodes\\",\\"prefix\\":\\"N\\\\u0000node\\\\u0000\\"}],\\"userTypes\\":[]}]]"`;
